// Jest Snapshot v1, https://goo.gl/fbAQLP

exports[`VerificationLearnMoreScreen renders correctly 1`] = `
<SafeAreaView
  style={
    Object {
      "backgroundColor": "#FFFFFF",
      "flex": 1,
      "justifyContent": "space-between",
    }
  }
>
  <RCTScrollView
    contentContainerStyle={
      Object {
        "alignItems": "center",
        "flex": 1,
        "justifyContent": "center",
        "padding": 30,
        "paddingTop": 0,
      }
    }
  >
    <View>
      <Text>
        Learn more stuff
      </Text>
    </View>
  </RCTScrollView>
</SafeAreaView>
`;
