// Jest Snapshot v1, https://goo.gl/fbAQLP

exports[`ValidateRecipientIntro renders correctly 1`] = `
<SafeAreaView
  style={
    Object {
      "backgroundColor": "#FFFFFF",
      "flex": 1,
      "justifyContent": "space-between",
    }
  }
>
  <RCTScrollView
    contentContainerStyle={
      Object {
        "flex": 1,
        "flexDirection": "column",
        "justifyContent": "flex-start",
        "paddingBottom": 30,
        "paddingHorizontal": 30,
      }
    }
  >
    <View>
      <View
        style={
          Object {
            "alignItems": "center",
            "flexDirection": "column",
            "paddingTop": 20,
          }
        }
      >
        <View
          style={
            Array [
              Object {
                "alignItems": "center",
                "flexDirection": "row",
                "justifyContent": "center",
              },
              undefined,
            ]
          }
        >
          <View
            style={
              Array [
                Object {
                  "alignItems": "center",
                  "justifyContent": "center",
                },
                Object {
                  "backgroundColor": "#7AD6FE",
                  "borderRadius": 60,
                  "height": 120,
                  "width": 120,
                },
              ]
            }
          >
            <Image
              source={
                Object {
                  "testUri": "../../../packages/mobile/src/images/unknown-user-icon.png",
                }
              }
              style={
                Object {
                  "alignItems": "center",
                  "height": 120,
                  "justifyContent": "center",
                  "width": 120,
                }
              }
            />
          </View>
        </View>
      </View>
      <Text
        style={
          Array [
            Object {
              "color": "#2E3338",
              "fontFamily": "Hind-Light",
              "fontSize": 22,
              "paddingBottom": 20,
              "paddingHorizontal": 5,
              "paddingVertical": 15,
              "textAlign": "center",
            },
            Object {
              "fontFamily": "Hind-Bold",
            },
          ]
        }
      >
        confirmAccount.header
      </Text>
      <Text
        style={
          Object {
            "color": "#2E3338",
            "fontFamily": "Hind-Regular",
            "fontSize": 16,
            "lineHeight": 24,
            "paddingBottom": 20,
            "textAlign": "center",
          }
        }
      >
        secureSendExplanation.body1
      </Text>
      <Text
        style={
          Object {
            "color": "#2E3338",
            "fontFamily": "Hind-Regular",
            "fontSize": 16,
            "lineHeight": 24,
            "paddingBottom": 20,
            "textAlign": "center",
          }
        }
      >
        secureSendExplanation.body2
      </Text>
    </View>
  </RCTScrollView>
  <View
    style={
      Object {
        "alignItems": "center",
        "flexDirection": "column",
        "paddingBottom": 30,
      }
    }
  >
    <View
      style={
        Array [
          Object {
            "alignItems": "center",
            "borderRadius": 3,
            "flexDirection": "row",
          },
          null,
          null,
          undefined,
          Object {
            "backgroundColor": "transparent",
          },
        ]
      }
    >
      <View
        accessible={true}
        focusable={true}
        nativeBackgroundAndroid={
          Object {
            "attribute": "selectableItemBackground",
            "type": "ThemeAttrAndroid",
          }
        }
        onClick={[Function]}
        onResponderGrant={[Function]}
        onResponderMove={[Function]}
        onResponderRelease={[Function]}
        onResponderTerminate={[Function]}
        onResponderTerminationRequest={[Function]}
        onStartShouldSetResponder={[Function]}
        style={
          Array [
            Object {
              "alignItems": "center",
              "flex": 1,
              "justifyContent": "center",
            },
            Object {
              "backgroundColor": "transparent",
            },
            Object {
              "height": 50,
            },
            Object {
              "borderWidth": 0,
            },
          ]
        }
        testID="scanQRCode"
      >
        <View
          style={
            Object {
              "alignItems": "center",
              "flex": 1,
              "flexDirection": "row",
              "justifyContent": "space-between",
            }
          }
        >
          <svg
            fill="none"
            height={24}
            style={Object {}}
            viewBox="0 0 32 32"
            width={24}
          >
            <rect
              height={10}
              rx={3}
              stroke="#42D689"
              strokeWidth={2.75}
              style={Object {}}
              width={10}
              x={4}
              y={4}
            />
            <rect
              height={10}
              rx={3}
              stroke="#42D689"
              strokeWidth={2.75}
              style={Object {}}
              width={10}
              x={18}
              y={4}
            />
            <path
              d="M18 25v1a2 2 0 002 2h1M28 21v-1a2 2 0 00-2-2h-1M21 18h-1a2 2 0 00-2 2v1M25 28h1a2 2 0 002-2v-1"
              stroke="#42D689"
              strokeLinecap="round"
              strokeWidth={2.75}
              style={Object {}}
            />
            <rect
              height={10}
              rx={3}
              stroke="#42D689"
              strokeWidth={2.75}
              style={Object {}}
              width={10}
              x={4}
              y={18}
            />
          </svg>
          <Text
            style={
              Array [
                Object {
                  "fontFamily": "Hind-SemiBold",
                  "fontSize": 16,
                },
                Object {
                  "color": "#42D689",
                },
                Object {
                  "paddingLeft": 5,
                  "paddingRight": 5,
                },
              ]
            }
          >
            scanQRCode
          </Text>
        </View>
      </View>
    </View>
    <View
      style={
        Array [
          Object {
            "alignItems": "center",
            "borderRadius": 3,
            "flexDirection": "row",
          },
          null,
          null,
          undefined,
          Object {
            "backgroundColor": "transparent",
          },
        ]
      }
    >
      <View
        accessible={true}
        focusable={true}
        nativeBackgroundAndroid={
          Object {
            "attribute": "selectableItemBackground",
            "type": "ThemeAttrAndroid",
          }
        }
        onClick={[Function]}
        onResponderGrant={[Function]}
        onResponderMove={[Function]}
        onResponderRelease={[Function]}
        onResponderTerminate={[Function]}
        onResponderTerminationRequest={[Function]}
        onStartShouldSetResponder={[Function]}
        style={
          Array [
            Object {
              "alignItems": "center",
              "flex": 1,
              "justifyContent": "center",
            },
            Object {
              "backgroundColor": "transparent",
            },
            Object {
              "height": 50,
            },
            Object {
              "borderWidth": 0,
            },
          ]
        }
        testID="confirmAccountButton"
      >
        <View
          style={
            Object {
              "alignItems": "center",
              "flex": 1,
              "flexDirection": "row",
              "justifyContent": "space-between",
            }
          }
        >
          <Text
            style={
              Array [
                Object {
                  "fontFamily": "Hind-SemiBold",
                  "fontSize": 16,
                },
                Object {
                  "color": "#42D689",
                },
                Object {
                  "paddingLeft": 5,
                  "paddingRight": 5,
                },
              ]
            }
          >
            confirmAccount.button
          </Text>
        </View>
      </View>
    </View>
  </View>
</SafeAreaView>
`;
