// Jest Snapshot v1, https://goo.gl/fbAQLP

exports[`renders correctly 1`] = `
<SafeAreaView
  style={
    Object {
      "backgroundColor": "white",
      "flex": 1,
      "justifyContent": "space-between",
      "paddingTop": 30,
    }
  }
>
  <RCTScrollView>
    <View>
      <View
        style={
          Object {
            "alignItems": "center",
          }
        }
      >
        <Image
          resizeMode="contain"
          source={
            Object {
              "testUri": "../../../packages/verifier/assets/celo-logo.png",
            }
          }
          style={
            Object {
              "height": 40,
              "margin": 20,
            }
          }
        />
      </View>
      <Text
        style={
          Array [
            Object {
              "color": "#2E3338",
              "fontFamily": "Hind-Light",
              "fontSize": 22,
              "paddingBottom": 20,
              "textAlign": "center",
            },
            Object {
              "color": "#2E3338",
              "textAlign": "center",
            },
          ]
        }
        testID="ChooseLanguageTitle"
      >
        chooseLanguage
      </Text>
      <View
        style={
          Object {
            "borderBottomWidth": 1,
            "borderColor": "#EEEEEE",
            "height": 5,
          }
        }
        testID="line"
      />
      <View
        accessible={true}
        focusable={true}
        isTVSelectable={true}
        onClick={[Function]}
        onResponderGrant={[Function]}
        onResponderMove={[Function]}
        onResponderRelease={[Function]}
        onResponderTerminate={[Function]}
        onResponderTerminationRequest={[Function]}
        onStartShouldSetResponder={[Function]}
        style={
          Object {
            "opacity": 1,
          }
        }
        testID="ChooseLanguage/en-US"
      >
        <View
          style={
            Array [
              Object {
                "alignItems": "center",
                "flexDirection": "row",
                "height": 60,
              },
              false,
            ]
          }
        >
          <View
            style={
              Object {
                "marginHorizontal": 12,
              }
            }
          >
            <View
              style={
                Object {
                  "borderColor": "#D1D5D8",
                  "borderRadius": 12,
                  "borderWidth": 2,
                  "height": 24,
                  "paddingTop": 2,
                  "width": 24,
                }
              }
            />
          </View>
          <View
            style={
              Object {
                "borderBottomWidth": 1,
                "borderColor": "#EEEEEE",
                "height": 60,
                "justifyContent": "center",
                "width": 702,
              }
            }
          >
            <Text
              style={
                Object {
                  "color": "#2E3338",
                  "fontSize": 16,
                }
              }
            >
              English
            </Text>
          </View>
        </View>
      </View>
      <View
        accessible={true}
        focusable={true}
        isTVSelectable={true}
        onClick={[Function]}
        onResponderGrant={[Function]}
        onResponderMove={[Function]}
        onResponderRelease={[Function]}
        onResponderTerminate={[Function]}
        onResponderTerminationRequest={[Function]}
        onStartShouldSetResponder={[Function]}
        style={
          Object {
            "opacity": 1,
          }
        }
        testID="ChooseLanguage/es-AR"
      >
        <View
          style={
            Array [
              Object {
                "alignItems": "center",
                "flexDirection": "row",
                "height": 60,
              },
              false,
            ]
          }
        >
          <View
            style={
              Object {
                "marginHorizontal": 12,
              }
            }
          >
            <View
              style={
                Object {
                  "borderColor": "#D1D5D8",
                  "borderRadius": 12,
                  "borderWidth": 2,
                  "height": 24,
                  "paddingTop": 2,
                  "width": 24,
                }
              }
            />
          </View>
          <View
            style={
              Object {
                "borderBottomWidth": 1,
                "borderColor": "#EEEEEE",
                "height": 60,
                "justifyContent": "center",
                "width": 702,
              }
            }
          >
            <Text
              style={
                Object {
                  "color": "#2E3338",
                  "fontSize": 16,
                }
              }
            >
              Espa√±ol (AR)
            </Text>
          </View>
        </View>
      </View>
    </View>
  </RCTScrollView>
  <View
    style={
      Array [
        Object {
          "alignItems": "center",
          "borderRadius": 3,
          "flexDirection": "row",
        },
        null,
        null,
        undefined,
        Object {
          "backgroundColor": "#42D689",
        },
      ]
    }
  >
    <View
      accessible={true}
      focusable={true}
      isTVSelectable={true}
      nativeBackgroundAndroid={
        Object {
          "attribute": "selectableItemBackground",
          "type": "ThemeAttrAndroid",
        }
      }
      onClick={[Function]}
      onResponderGrant={[Function]}
      onResponderMove={[Function]}
      onResponderRelease={[Function]}
      onResponderTerminate={[Function]}
      onResponderTerminationRequest={[Function]}
      onStartShouldSetResponder={[Function]}
      style={
        Array [
          Object {
            "alignItems": "center",
            "flex": 1,
            "justifyContent": "center",
          },
          Object {
            "backgroundColor": "#42D689",
          },
          Object {
            "height": 50,
          },
          Object {
            "borderWidth": 0,
          },
        ]
      }
      testID="ChooseLanguageButton"
    >
      <View
        style={
          Object {
            "alignItems": "center",
            "flex": 1,
            "flexDirection": "row",
            "justifyContent": "space-between",
          }
        }
      >
        <Text
          style={
            Array [
              Object {
                "fontFamily": "Hind-SemiBold",
                "fontSize": 16,
              },
              Object {
                "color": "#FFFFFF",
              },
              Object {
                "paddingLeft": 5,
                "paddingRight": 5,
              },
            ]
          }
        >
          continue
        </Text>
      </View>
    </View>
  </View>
</SafeAreaView>
`;
