// Jest Snapshot v1, https://goo.gl/fbAQLP

exports[` renders correctly with address but without contact nor number 1`] = `
<View
  style={
    Object {
      "alignItems": "center",
      "flexDirection": "column",
      "justifyContent": "center",
      "marginBottom": 10,
    }
  }
>
  <View
    style={
      Array [
        Object {
          "alignItems": "center",
          "flexDirection": "row",
          "justifyContent": "center",
        },
        undefined,
      ]
    }
  >
    <View
      style={
        Array [
          Object {
            "alignItems": "center",
            "justifyContent": "center",
          },
          Object {
            "backgroundColor": "hsl(0, 53%, 93%)",
            "borderRadius": 20,
            "height": 40,
            "width": 40,
          },
        ]
      }
    >
      <Text
        style={
          Array [
            Object {
              "color": "#FFFFFF",
              "fontFamily": "Inter-Medium",
              "fontSize": 16,
            },
            Object {
              "color": "hsl(0, 67%, 24%)",
              "fontSize": 20,
            },
          ]
        }
      >
        W
      </Text>
    </View>
  </View>
  <Text
    ellipsizeMode="tail"
    numberOfLines={1}
    style={
      Array [
        Object {
          "color": "#2E3338",
          "fontFamily": "Inter-Medium",
          "fontSize": 14,
          "lineHeight": 18,
        },
        Object {
          "marginHorizontal": 20,
          "paddingTop": 6,
          "textAlign": "center",
        },
      ]
    }
  >
    walletAddress
  </Text>
  <Text
    ellipsizeMode="tail"
    numberOfLines={1}
    style={
      Array [
        Object {
          "color": "#2E3338",
          "fontFamily": "Inter-Regular",
          "fontSize": 14,
          "lineHeight": 18,
        },
        Object {
          "marginHorizontal": 20,
          "paddingTop": 6,
          "textAlign": "center",
        },
      ]
    }
  >
    0x0000...7E57
  </Text>
</View>
`;

exports[` renders correctly with contact but without number 1`] = `
<View
  style={
    Object {
      "alignItems": "center",
      "flexDirection": "column",
      "justifyContent": "center",
      "marginBottom": 10,
    }
  }
>
  <View
    style={
      Array [
        Object {
          "alignItems": "center",
          "flexDirection": "row",
          "justifyContent": "center",
        },
        undefined,
      ]
    }
  >
    <View
      style={
        Array [
          Object {
            "alignItems": "center",
            "justifyContent": "center",
          },
          Object {
            "backgroundColor": "hsl(0, 53%, 93%)",
            "borderRadius": 20,
            "height": 40,
            "width": 40,
          },
        ]
      }
    >
      <Text
        style={
          Array [
            Object {
              "color": "#FFFFFF",
              "fontFamily": "Inter-Medium",
              "fontSize": 16,
            },
            Object {
              "color": "hsl(0, 67%, 24%)",
              "fontSize": 20,
            },
          ]
        }
      >
        M
      </Text>
    </View>
  </View>
  <Text
    ellipsizeMode="tail"
    numberOfLines={1}
    style={
      Array [
        Object {
          "color": "#2E3338",
          "fontFamily": "Inter-Medium",
          "fontSize": 14,
          "lineHeight": 18,
        },
        Object {
          "marginHorizontal": 20,
          "paddingTop": 6,
          "textAlign": "center",
        },
      ]
    }
  >
    mockName
  </Text>
</View>
`;

exports[` renders correctly with number but without contact 1`] = `
<View
  style={
    Object {
      "alignItems": "center",
      "flexDirection": "column",
      "justifyContent": "center",
      "marginBottom": 10,
    }
  }
>
  <View
    style={
      Array [
        Object {
          "alignItems": "center",
          "flexDirection": "row",
          "justifyContent": "center",
        },
        undefined,
      ]
    }
  >
    <View
      style={
        Array [
          Object {
            "alignItems": "center",
            "justifyContent": "center",
          },
          Object {
            "backgroundColor": "hsl(0, 53%, 93%)",
            "borderRadius": 20,
            "height": 40,
            "width": 40,
          },
        ]
      }
    >
      <Text
        style={
          Array [
            Object {
              "color": "#FFFFFF",
              "fontFamily": "Inter-Medium",
              "fontSize": 16,
            },
            Object {
              "color": "hsl(0, 67%, 24%)",
              "fontSize": 20,
            },
          ]
        }
      >
        M
      </Text>
    </View>
  </View>
  <Text
    ellipsizeMode="tail"
    numberOfLines={1}
    style={
      Array [
        Object {
          "color": "#2E3338",
          "fontFamily": "Inter-Medium",
          "fontSize": 14,
          "lineHeight": 18,
        },
        Object {
          "marginHorizontal": 20,
          "paddingTop": 6,
          "textAlign": "center",
        },
      ]
    }
  >
    mobileNumber
  </Text>
  <View
    style={
      Object {
        "flexDirection": "row",
      }
    }
  >
    <Text
      style={
        Array [
          Object {
            "color": "#2E3338",
            "fontFamily": "Inter-Regular",
            "fontSize": 14,
            "lineHeight": 18,
          },
          Object {
            "alignItems": "center",
            "justifyContent": "center",
            "marginRight": 4,
          },
        ]
      }
    >
      ðŸ‡ºðŸ‡¸
    </Text>
    <Text
      style={
        Array [
          Object {
            "color": "#2E3338",
            "fontFamily": "Inter-Regular",
            "fontSize": 14,
            "lineHeight": 18,
          },
          Object {
            "color": "#9CA4A9",
          },
        ]
      }
    >
      +1 415-555-6666
    </Text>
  </View>
</View>
`;
