// Jest Snapshot v1, https://goo.gl/fbAQLP

exports[`NotificationList renders correctly 1`] = `
<SafeAreaView
  style={
    Object {
      "backgroundColor": "#FFFFFF",
      "flex": 1,
    }
  }
>
  <RCTScrollView>
    <View>
      <View
        style={
          Object {
            "margin": 16,
          }
        }
      >
        <Text>
          test-a
        </Text>
      </View>
    </View>
  </RCTScrollView>
</SafeAreaView>
`;
