// Jest Snapshot v1, https://goo.gl/fbAQLP

exports[`renders banner when app is disconnected 1`] = `
<Text
  style={
    Array [
      Object {
        "color": "#2E3338",
        "fontFamily": "Hind-Regular",
        "fontSize": 14,
        "lineHeight": undefined,
        "textAlign": "center",
      },
      Object {
        "color": "rgba(46, 51, 56, 0.4)",
      },
      Object {
        "fontFamily": "Hind-Bold",
      },
    ]
  }
  testID="connectingToCeloBanner"
>
  connectingToCelo
</Text>
`;
