// Jest Snapshot v1, https://goo.gl/fbAQLP

exports[`ConsumerIncentivesHomeScreen renders correctly 1`] = `
<RCTScrollView
  contentContainerStyle={
    Object {
      "flexGrow": 1,
    }
  }
  style={
    Object {
      "flex": 1,
      "marginHorizontal": 16,
    }
  }
>
  <View>
    <RNCSafeAreaView
      edges={
        Array [
          "bottom",
        ]
      }
    >
      <Text
        style={
          Object {
            "color": "#2E3338",
            "fontFamily": "Jost-Medium",
            "fontSize": 22,
            "lineHeight": 28,
            "marginBottom": 8,
            "marginTop": 16,
          }
        }
      >
        Title
      </Text>
      <Text
        style={
          Object {
            "color": "#2E3338",
            "fontFamily": "Inter-Regular",
            "fontSize": 14,
            "lineHeight": 18,
            "marginTop": 16,
          }
        }
      >
        Description
      </Text>
      <Text
        style={
          Object {
            "color": "#2E3338",
            "fontFamily": "Inter-Medium",
            "fontSize": 17,
            "lineHeight": 16,
            "marginTop": 24,
          }
        }
      >
        Subtitle 1
      </Text>
      <Text
        style={
          Object {
            "color": "#2E3338",
            "fontFamily": "Inter-Regular",
            "fontSize": 14,
            "lineHeight": 18,
            "marginTop": 16,
          }
        }
      >
        Body 1
      </Text>
      <Text
        style={
          Object {
            "color": "#2E3338",
            "fontFamily": "Inter-Medium",
            "fontSize": 17,
            "lineHeight": 16,
            "marginTop": 24,
          }
        }
      >
        Subtitle 2
      </Text>
      <Text
        style={
          Object {
            "color": "#2E3338",
            "fontFamily": "Inter-Regular",
            "fontSize": 14,
            "lineHeight": 18,
            "marginTop": 16,
          }
        }
      >
        Body 2
      </Text>
      <View
        style={
          Array [
            Object {
              "flexDirection": "column",
            },
            Object {
              "marginTop": 24,
            },
          ]
        }
      >
        <View
          style={
            Array [
              Object {
                "overflow": "hidden",
              },
              Object {
                "borderRadius": 100,
              },
            ]
          }
        >
          <View
            accessible={true}
            focusable={true}
            nativeBackgroundAndroid={
              Object {
                "attribute": "selectableItemBackground",
                "rippleRadius": undefined,
                "type": "ThemeAttrAndroid",
              }
            }
            onClick={[Function]}
            onResponderGrant={[Function]}
            onResponderMove={[Function]}
            onResponderRelease={[Function]}
            onResponderTerminate={[Function]}
            onResponderTerminationRequest={[Function]}
            onStartShouldSetResponder={[Function]}
            style={
              Object {
                "alignItems": "center",
                "backgroundColor": "#1AB775",
                "flexGrow": 1,
                "height": 48,
                "justifyContent": "center",
                "opacity": undefined,
                "paddingHorizontal": 24,
                "paddingVertical": 5,
              }
            }
            testID="ConsumerIncentives/CTA"
          >
            <Text
              style={
                Object {
                  "color": "#FFFFFF",
                  "fontFamily": "Inter-SemiBold",
                  "fontSize": 16,
                  "lineHeight": 22,
                }
              }
            >
              fiatExchangeFlow:addCusd
            </Text>
          </View>
        </View>
      </View>
      <RNGestureHandlerButton
        collapsable={false}
        onGestureEvent={[Function]}
        onGestureHandlerEvent={[Function]}
        onGestureHandlerStateChange={[Function]}
        onHandlerStateChange={[Function]}
        rippleColor={0}
        testID="ConsumerIncentives/learnMore"
      >
        <View
          accessible={true}
          style={
            Array [
              Object {},
              Object {
                "opacity": 1,
              },
            ]
          }
        >
          <Text
            style={
              Object {
                "alignSelf": "center",
                "color": "#1AB775",
                "fontFamily": "Inter-Medium",
                "fontSize": 14,
                "lineHeight": 18,
                "marginTop": 24,
              }
            }
          >
            global:learnMore
          </Text>
        </View>
      </RNGestureHandlerButton>
    </RNCSafeAreaView>
  </View>
</RCTScrollView>
`;
