// Jest Snapshot v1, https://goo.gl/fbAQLP

exports[`PaymentRequestListScreen renders correctly with no payments 1`] = `
<SafeAreaView
  style={
    Object {
      "backgroundColor": "#FFFFFF",
      "flex": 1,
    }
  }
>
  <View
    style={
      Object {
        "alignItems": "center",
        "flex": 0,
        "flexDirection": "row",
        "padding": 16,
      }
    }
  >
    <Image
      resizeMode="contain"
      source={
        Object {
          "testUri": "../../../packages/mobile/src/images/celo-account.png",
        }
      }
      style={
        Object {
          "height": 40,
          "width": 40,
        }
      }
    />
    <View
      style={
        Object {
          "flex": 1,
          "flexDirection": "row",
          "justifyContent": "space-between",
          "paddingStart": 16,
        }
      }
    >
      <Text
        style={
          Object {
            "color": "#2E3338",
            "fontFamily": "Hind-SemiBold",
            "fontSize": 14,
            "lineHeight": 18,
          }
        }
      >
        celoDollarBalance
      </Text>
      <Text
        style={
          Object {
            "color": "#42D689",
            "fontFamily": "Hind-SemiBold",
            "fontSize": 14,
            "lineHeight": 18,
          }
        }
      >
        $120
      </Text>
    </View>
  </View>
  <View
    style={
      Object {
        "alignItems": "center",
        "backgroundColor": "#F8F8F8",
        "display": "flex",
        "flexDirection": "row",
        "height": 36,
        "justifyContent": "space-between",
        "paddingHorizontal": 10,
      }
    }
  >
    <Text
      style={
        Object {
          "color": "#81868B",
          "fontFamily": "Hind-Medium",
          "fontSize": 12,
        }
      }
    >
      payments
    </Text>
  </View>
  <Text
    style={
      Array [
        Object {
          "color": "#81868B",
          "fontFamily": "Hind-Regular",
          "fontSize": 16,
          "lineHeight": 24,
        },
        Object {
          "marginTop": 30,
          "textAlign": "center",
        },
      ]
    }
  >
    empty
  </Text>
</SafeAreaView>
`;

exports[`PaymentRequestListScreen renders correctly with payments 1`] = `
<SafeAreaView
  style={
    Object {
      "backgroundColor": "#FFFFFF",
      "flex": 1,
    }
  }
>
  <View
    style={
      Object {
        "alignItems": "center",
        "flex": 0,
        "flexDirection": "row",
        "padding": 16,
      }
    }
  >
    <Image
      resizeMode="contain"
      source={
        Object {
          "testUri": "../../../packages/mobile/src/images/celo-account.png",
        }
      }
      style={
        Object {
          "height": 40,
          "width": 40,
        }
      }
    />
    <View
      style={
        Object {
          "flex": 1,
          "flexDirection": "row",
          "justifyContent": "space-between",
          "paddingStart": 16,
        }
      }
    >
      <Text
        style={
          Object {
            "color": "#2E3338",
            "fontFamily": "Hind-SemiBold",
            "fontSize": 14,
            "lineHeight": 18,
          }
        }
      >
        celoDollarBalance
      </Text>
      <Text
        style={
          Object {
            "color": "#42D689",
            "fontFamily": "Hind-SemiBold",
            "fontSize": 14,
            "lineHeight": 18,
          }
        }
      >
        $120
      </Text>
    </View>
  </View>
  <View
    style={
      Object {
        "alignItems": "center",
        "backgroundColor": "#F8F8F8",
        "display": "flex",
        "flexDirection": "row",
        "height": 36,
        "justifyContent": "space-between",
        "paddingHorizontal": 10,
      }
    }
  >
    <Text
      style={
        Object {
          "color": "#81868B",
          "fontFamily": "Hind-Medium",
          "fontSize": 12,
        }
      }
    >
      payments
    </Text>
  </View>
  <Text
    style={
      Array [
        Object {
          "color": "#81868B",
          "fontFamily": "Hind-Regular",
          "fontSize": 16,
          "lineHeight": 24,
        },
        Object {
          "marginTop": 30,
          "textAlign": "center",
        },
      ]
    }
  >
    empty
  </Text>
</SafeAreaView>
`;
