// Jest Snapshot v1, https://goo.gl/fbAQLP

exports[`renders correctly 1`] = `
<Text
  ellipsizeMode="middle"
  numberOfLines={1}
  style={
    Object {
      "flexDirection": "row",
    }
  }
>
  <Text
    style={
      Array [
        Object {
          "color": "#81868B",
          "fontFamily": "Hind-Regular",
          "fontSize": 14,
          "lineHeight": 20,
        },
      ]
    }
  >
    +491522345678
     - 
    test message
  </Text>
  <Text
    style={
      Array [
        Object {
          "color": "#81868B",
          "fontFamily": "Hind-Regular",
          "fontSize": 14,
          "lineHeight": 20,
        },
        Object {
          "fontFamily": "Hind-SemiBold",
        },
      ]
    }
  >
     
    $
    7
  </Text>
</Text>
`;
