// Jest Snapshot v1, https://goo.gl/fbAQLP

exports[`ReclaimPaymentConfirmationCard renders correctly for send payment confirmation 1`] = `
<View
  style={
    Array [
      Object {
        "borderColor": "#EEEEEE",
        "borderRadius": 3,
        "borderWidth": 1,
      },
      Object {
        "flex": 1,
        "justifyContent": "center",
        "padding": 20,
      },
    ]
  }
>
  <View
    style={
      Object {
        "alignSelf": "center",
        "margin": "auto",
        "marginVertical": 10,
      }
    }
  >
    <Image
      resizeMode="contain"
      source={
        Object {
          "testUri": "../../../packages/mobile/src/images/coins-logo.png",
        }
      }
      style={
        Object {
          "height": 40,
          "width": 40,
        }
      }
    />
  </View>
  <View
    style={
      Object {
        "alignSelf": "center",
        "flexDirection": "row",
        "marginHorizontal": 25,
        "marginTop": 15,
      }
    }
  >
    <Text
      style={
        Array [
          Object {
            "fontFamily": "Hind-Regular",
            "fontSize": 34,
          },
          Object {
            "color": "#42D689",
          },
        ]
      }
    >
      +
    </Text>
    <Text
      style={
        Array [
          Object {
            "color": "#81868B",
            "fontFamily": "Hind-Regular",
            "fontSize": 24,
            "textAlignVertical": "top",
          },
          Object {
            "color": "#42D689",
          },
        ]
      }
    >
      $
    </Text>
    <Text
      ellipsizeMode="tail"
      numberOfLines={1}
      style={
        Array [
          Object {
            "color": "#81868B",
            "fontFamily": "Hind-Regular",
            "fontSize": 48,
            "lineHeight": 64,
          },
          Object {
            "color": "#42D689",
          },
        ]
      }
    >
      9.99
    </Text>
  </View>
  <View
    style={
      Object {
        "borderStyle": "solid",
        "borderTopColor": "#EEEEEE",
        "borderTopWidth": 1,
        "marginTop": 10,
        "width": "100%",
      }
    }
  />
  <View
    style={
      Object {
        "padding": 20,
      }
    }
  >
    <Text
      style={
        Array [
          Object {
            "color": "#2E3338",
            "fontFamily": "Hind-SemiBold",
            "fontSize": 14,
            "lineHeight": 18,
          },
          Object {
            "paddingTop": 6,
            "textAlign": "center",
          },
        ]
      }
    >
      John Doe
    </Text>
    <View
      style={
        Object {
          "alignItems": "center",
          "alignSelf": "center",
          "flexDirection": "row",
          "justifyContent": "center",
        }
      }
    >
      <Text
        style={
          Array [
            Object {
              "color": "#2E3338",
              "fontFamily": "Hind-Light",
              "fontSize": 14,
              "textAlignVertical": "center",
            },
            Object {
              "alignItems": "center",
              "backgroundColor": "#EEEEEE",
              "borderRadius": 3,
              "justifyContent": "center",
              "marginRight": 5,
              "paddingLeft": 6,
              "paddingRight": 3,
            },
          ]
        }
      >
        ðŸ‡ºðŸ‡¸ +1
      </Text>
      <Text
        style={
          Object {
            "color": "#2E3338",
            "fontFamily": "Hind-Light",
            "fontSize": 14,
            "textAlignVertical": "center",
          }
        }
      >
        (415) 555-0000
      </Text>
    </View>
  </View>
  <View
    style={
      Object {
        "alignItems": "stretch",
        "justifyContent": "center",
        "marginBottom": 10,
      }
    }
  >
    <View
      style={
        Object {
          "flexDirection": "row",
          "justifyContent": "space-between",
          "marginTop": 5,
        }
      }
    >
      <View
        style={
          Object {
            "alignItems": "flex-start",
            "flexDirection": "row",
          }
        }
      >
        <Text
          style={
            Object {
              "color": "#2E3338",
              "fontFamily": "Hind-Regular",
              "fontSize": 14,
              "lineHeight": 20,
            }
          }
        >
          totalSent
        </Text>
      </View>
      <Text
        style={
          Object {
            "color": "#2E3338",
            "fontFamily": "Hind-Regular",
            "fontSize": 14,
            "lineHeight": 20,
          }
        }
      >
        10
      </Text>
    </View>
    <View
      style={
        Object {
          "flexDirection": "row",
          "justifyContent": "space-between",
          "marginTop": 5,
        }
      }
    >
      <View
        style={
          Object {
            "alignItems": "flex-start",
            "flexDirection": "row",
          }
        }
      >
        <Text
          style={
            Object {
              "color": "#2E3338",
              "fontFamily": "Hind-Regular",
              "fontSize": 14,
              "lineHeight": 20,
            }
          }
        >
          securityFee
        </Text>
        <View
          accessible={true}
          focusable={true}
          hitSlop={
            Object {
              "bottom": 10,
              "left": 10,
              "right": 10,
              "top": 10,
            }
          }
          isTVSelectable={true}
          nativeBackgroundAndroid={
            Object {
              "attribute": "selectableItemBackgroundBorderless",
              "type": "ThemeAttrAndroid",
            }
          }
          onClick={[Function]}
          onResponderGrant={[Function]}
          onResponderMove={[Function]}
          onResponderRelease={[Function]}
          onResponderTerminate={[Function]}
          onResponderTerminationRequest={[Function]}
          onStartShouldSetResponder={[Function]}
          style={
            Object {
              "alignItems": "center",
              "justifyContent": "flex-end",
              "paddingHorizontal": 5,
            }
          }
        >
          <Image
            source={
              Object {
                "testUri": "../../../packages/mobile/src/images/info.png",
              }
            }
            style={
              Object {
                "height": 12,
                "tintColor": "#42D689",
                "width": 12,
              }
            }
          />
        </View>
      </View>
      <Text
        style={
          Object {
            "color": "#2E3338",
            "fontFamily": "Hind-Regular",
            "fontSize": 14,
            "lineHeight": 20,
          }
        }
      >
        0.01
      </Text>
    </View>
    <View
      style={
        Object {
          "flexDirection": "row",
          "justifyContent": "space-between",
          "marginTop": 5,
        }
      }
    >
      <View
        style={
          Object {
            "alignItems": "flex-start",
            "flexDirection": "row",
          }
        }
      >
        <Text
          style={
            Object {
              "color": "#2E3338",
              "fontFamily": "Hind-Regular",
              "fontSize": 14,
              "lineHeight": 20,
            }
          }
        >
          totalRefunded
        </Text>
      </View>
      <Text
        style={
          Object {
            "color": "#2E3338",
            "fontFamily": "Hind-Regular",
            "fontSize": 14,
            "lineHeight": 20,
          }
        }
      >
        9.99
      </Text>
    </View>
  </View>
</View>
`;
