// Jest Snapshot v1, https://goo.gl/fbAQLP

exports[`BaseNotification renders correctly 1`] = `
<View
  style={
    Array [
      Object {
        "backgroundColor": "#FFFFFF",
        "width": "100%",
      },
      Object {
        "elevation": 2,
        "shadowColor": "black",
        "shadowOffset": Object {
          "height": 1,
          "width": 0,
        },
        "shadowOpacity": 0.3,
        "shadowRadius": 1.6,
      },
    ]
  }
>
  <View
    style={
      Object {
        "padding": 16,
      }
    }
  >
    <View
      style={
        Object {
          "flexDirection": "row",
          "justifyContent": "space-between",
        }
      }
    >
      <View
        style={
          Object {
            "flex": 1,
            "justifyContent": "space-between",
          }
        }
      >
        <Text
          style={
            Object {
              "color": "#81868B",
              "fontFamily": "Hind-Regular",
              "fontSize": 14,
              "lineHeight": 18,
            }
          }
        >
          Test
        </Text>
        <View
          style={
            Object {
              "justifyContent": "space-between",
              "minHeight": 60,
              "paddingTop": 8,
            }
          }
        >
          <Text>
            Test
          </Text>
          <View
            style={
              Object {
                "flexDirection": "row",
                "marginTop": 5,
              }
            }
          >
            <View
              accessible={true}
              focusable={true}
              isTVSelectable={true}
              nativeBackgroundAndroid={
                Object {
                  "attribute": "selectableItemBackgroundBorderless",
                  "type": "ThemeAttrAndroid",
                }
              }
              onClick={[Function]}
              onResponderGrant={[Function]}
              onResponderMove={[Function]}
              onResponderRelease={[Function]}
              onResponderTerminate={[Function]}
              onResponderTerminationRequest={[Function]}
              onStartShouldSetResponder={[Function]}
            >
              <Text
                style={
                  Array [
                    Object {
                      "color": "#42D689",
                      "fontFamily": "Hind-SemiBold",
                      "fontSize": 14,
                      "lineHeight": 18,
                    },
                    Object {
                      "paddingEnd": 15,
                    },
                  ]
                }
              >
                it goes boom
              </Text>
            </View>
          </View>
        </View>
      </View>
    </View>
  </View>
</View>
`;
