// Jest Snapshot v1, https://goo.gl/fbAQLP

exports[`renders text 1`] = `
<View
  style={
    Object {
      "paddingBottom": 8,
      "paddingHorizontal": 16,
      "paddingTop": 20,
    }
  }
>
  <Text
    style={
      Object {
        "color": "#2E3338",
        "fontFamily": "Jost-Medium",
        "fontSize": 22,
        "lineHeight": 28,
      }
    }
  >
    This is a Test
  </Text>
</View>
`;
