// Jest Snapshot v1, https://goo.gl/fbAQLP

exports[`Faucet renders 1`] = `
<div
  className="css-view-1dbjc4n"
  style={
    Object {
      "marginTop": "75px",
    }
  }
>
  <h1
    aria-level="1"
    className="css-reset-4rbku5 css-text-901oao"
    dir="auto"
    onClick={[Function]}
    role="heading"
    style={
      Object {
        "color": "rgba(46,51,56,1.00)",
        "fontFamily": "EB Garamond, eb-garamond, Garamond, serif",
        "fontSize": "36px",
        "lineHeight": "40px",
        "marginBottom": "75px",
        "marginTop": "75px",
        "textAlign": "center",
        "textRendering": "geometricPrecision",
        "textTransform": "none",
      }
    }
  >
    Fund your Testnet Account
  </h1>
  <div
    className="css-view-1dbjc4n"
    style={
      Object {
        "WebkitAlignSelf": "center",
        "WebkitBoxDirection": "normal",
        "WebkitBoxOrient": "vertical",
        "WebkitFlexDirection": "column",
        "alignSelf": "center",
        "flexDirection": "column",
        "marginBottom": "20px",
        "marginTop": "20px",
        "maxWidth": "100vw",
        "msFlexDirection": "column",
        "msFlexItemAlign": "center",
        "msGridRowAlign": "center",
        "paddingLeft": "10px",
        "paddingRight": "10px",
        "width": "100%",
      }
    }
  >
    <div
      className="css-view-1dbjc4n"
      style={
        Object {
          "WebkitBoxFlex": 0,
          "WebkitFlexGrow": 0,
          "WebkitFlexShrink": 0,
          "flexGrow": 0,
          "flexShrink": 0,
          "msFlexNegative": 0,
          "msFlexPositive": 0,
          "paddingBottom": "10px",
          "paddingLeft": "10px",
          "paddingRight": "10px",
          "paddingTop": "10px",
          "width": "100%",
        }
      }
    >
      <h3
        aria-level="3"
        className="css-reset-4rbku5 css-text-901oao"
        dir="auto"
        onClick={[Function]}
        role="heading"
        style={
          Object {
            "color": "rgba(46,51,56,1.00)",
            "fontFamily": "Jost, futura-pt, futura, sans-serif",
            "fontSize": "24px",
            "lineHeight": "32px",
            "textRendering": "geometricPrecision",
            "textTransform": "none",
          }
        }
      >
        Add Funds
      </h3>
    </div>
    <div
      className="css-view-1dbjc4n"
      style={
        Object {
          "WebkitBoxFlex": 0,
          "WebkitFlexGrow": 0,
          "WebkitFlexShrink": 0,
          "flexGrow": 0,
          "flexShrink": 0,
          "msFlexNegative": 0,
          "msFlexPositive": 0,
          "paddingBottom": "10px",
          "paddingLeft": "10px",
          "paddingRight": "10px",
          "paddingTop": "10px",
          "width": "100%",
        }
      }
    >
      <div
        className="css-text-901oao"
        dir="auto"
        onClick={[Function]}
        style={
          Object {
            "color": "rgba(46,51,56,1.00)",
            "fontFamily": "EB Garamond, eb-garamond, Garamond, serif",
            "fontSize": "20px",
            "lineHeight": "28px",
            "textRendering": "geometricPrecision",
          }
        }
      >
        Enter the address of your Alfajores Testnet account to receive additional funds. Each request adds 10 cUSD and 5 CELO.

In the Celo Wallet, you can find your address by pressing the menu icon at the top left and scrolling down to bottom. Press the address to copy it to your deviceâ€™s clipboard.
      </div>
      <div
        className="css-view-1dbjc4n"
        style={
          Object {
            "marginBottom": "20px",
            "marginTop": "20px",
          }
        }
      >
        <input
          autoCapitalize="sentences"
          autoComplete="on"
          autoCorrect="on"
          className="css-textinput-11aywtz"
          data-focusable={true}
          dir="auto"
          onBlur={[Function]}
          onChange={[Function]}
          onFocus={[Function]}
          onKeyDown={[Function]}
          onSelect={[Function]}
          placeholder="Testnet Address"
          readOnly={false}
          spellCheck={true}
          style={
            Object {
              "WebkitAlignSelf": "center",
              "alignSelf": "center",
              "borderBottomColor": "rgba(61,61,61,0.20)",
              "borderBottomLeftRadius": "3px",
              "borderBottomRightRadius": "3px",
              "borderBottomWidth": "1px",
              "borderLeftColor": "rgba(61,61,61,0.20)",
              "borderLeftWidth": "1px",
              "borderRightColor": "rgba(61,61,61,0.20)",
              "borderRightWidth": "1px",
              "borderTopColor": "rgba(61,61,61,0.20)",
              "borderTopLeftRadius": "3px",
              "borderTopRightRadius": "3px",
              "borderTopWidth": "1px",
              "fontFamily": "EB Garamond, eb-garamond, Garamond, serif",
              "fontSize": "16px",
              "marginBottom": "5px",
              "marginLeft": "0px",
              "marginRight": "0px",
              "marginTop": "5px",
              "msFlexItemAlign": "center",
              "msGridRowAlign": "center",
              "outlineWidth": "0px",
              "paddingBottom": "15px",
              "paddingLeft": "10px",
              "paddingRight": "10px",
              "paddingTop": "13px",
              "width": "100%",
            }
          }
          type="text"
          value=""
        />
        <div
          className="css-text-901oao"
          dir="auto"
          onClick={[Function]}
          style={
            Object {
              "color": "rgba(46,51,56,1.00)",
              "fontFamily": "Jost, futura-pt, futura, sans-serif",
              "fontSize": "14px",
              "textRendering": "geometricPrecision",
            }
          }
        >
          eg. a0000aaa00a0000...a00a0a0000a00a00aa
        </div>
        <div
          className="css-view-1dbjc4n"
          style={
            Object {
              "height": "80px",
              "marginBottom": "20px",
              "marginTop": "20px",
            }
          }
        >
          <div />
        </div>
        <div
          className="css-view-1dbjc4n"
          style={
            Object {
              "WebkitBoxDirection": "normal",
              "WebkitBoxOrient": "horizontal",
              "WebkitFlexDirection": "row",
              "flexDirection": "row",
              "msFlexDirection": "row",
            }
          }
        >
          <div
            className="css-view-1dbjc4n"
            onClick={[Function]}
            onMouseDown={[Function]}
            onMouseEnter={[Function]}
            onMouseLeave={[Function]}
            onMouseUp={[Function]}
            style={
              Object {
                "WebkitAlignItems": "flex-start",
                "WebkitBoxAlign": "start",
                "alignItems": "flex-start",
                "msFlexAlign": "start",
              }
            }
          >
            <a
              className="css-reset-4rbku5 css-cursor-18t94o4 css-text-901oao"
              data-focusable={true}
              dir="auto"
              onClick={[Function]}
              role="link"
              style={
                Object {
                  "WebkitAlignItems": "center",
                  "WebkitBoxAlign": "center",
                  "WebkitBoxFlex": 0,
                  "WebkitBoxPack": "center",
                  "WebkitFlexGrow": 0,
                  "WebkitJustifyContent": "center",
                  "alignItems": "center",
                  "backgroundColor": "rgba(69,214,138,0.70)",
                  "borderBottomColor": "rgba(69,214,138,0.70)",
                  "borderBottomLeftRadius": "3px",
                  "borderBottomRightRadius": "3px",
                  "borderBottomWidth": "1px",
                  "borderLeftColor": "rgba(69,214,138,0.70)",
                  "borderLeftWidth": "1px",
                  "borderRightColor": "rgba(69,214,138,0.70)",
                  "borderRightWidth": "1px",
                  "borderTopColor": "rgba(69,214,138,0.70)",
                  "borderTopLeftRadius": "3px",
                  "borderTopRightRadius": "3px",
                  "borderTopWidth": "1px",
                  "color": "rgba(255,255,255,1.00)",
                  "cursor": "not-allowed",
                  "display": "inline-flex",
                  "flexGrow": 0,
                  "fontFamily": "Jost, futura-pt, futura, sans-serif",
                  "fontSize": "16px",
                  "fontWeight": "500",
                  "justifyContent": "center",
                  "lineHeight": "16px",
                  "minWidth": "150px",
                  "msFlexAlign": "center",
                  "msFlexPack": "center",
                  "msFlexPositive": 0,
                  "opacity": 1,
                  "paddingBottom": "10px",
                  "paddingLeft": "20px",
                  "paddingRight": "20px",
                  "paddingTop": "10px",
                  "textAlign": "center",
                  "textRendering": "geometricPrecision",
                  "width": "fit-content",
                }
              }
            >
              Get Started
            </a>
          </div>
          <div
            className="css-view-1dbjc4n"
          >
            <div
              className="css-view-1dbjc4n"
              style={
                Object {
                  "WebkitAlignContent": "center",
                  "WebkitBoxDirection": "normal",
                  "WebkitBoxOrient": "horizontal",
                  "WebkitFlexDirection": "row",
                  "alignContent": "center",
                  "flexDirection": "row",
                  "height": "100%",
                  "msFlexDirection": "row",
                  "msFlexLinePack": "center",
                }
              }
            />
          </div>
        </div>
      </div>
    </div>
  </div>
  <div
    className="css-view-1dbjc4n"
    style={
      Object {
        "WebkitAlignSelf": "center",
        "WebkitBoxDirection": "normal",
        "WebkitBoxOrient": "vertical",
        "WebkitFlexDirection": "column",
        "alignSelf": "center",
        "flexDirection": "column",
        "marginBottom": "20px",
        "marginTop": "20px",
        "maxWidth": "100vw",
        "msFlexDirection": "column",
        "msFlexItemAlign": "center",
        "msGridRowAlign": "center",
        "paddingLeft": "10px",
        "paddingRight": "10px",
        "width": "100%",
      }
    }
  >
    <div
      className="css-view-1dbjc4n"
      style={
        Object {
          "WebkitBoxFlex": 0,
          "WebkitFlexGrow": 0,
          "WebkitFlexShrink": 0,
          "flexGrow": 0,
          "flexShrink": 0,
          "msFlexNegative": 0,
          "msFlexPositive": 0,
          "paddingBottom": "10px",
          "paddingLeft": "10px",
          "paddingRight": "10px",
          "paddingTop": "10px",
          "width": "100%",
        }
      }
    >
      <h3
        aria-level="3"
        className="css-reset-4rbku5 css-text-901oao"
        dir="auto"
        onClick={[Function]}
        role="heading"
        style={
          Object {
            "color": "rgba(46,51,56,1.00)",
            "fontFamily": "Jost, futura-pt, futura, sans-serif",
            "fontSize": "24px",
            "lineHeight": "32px",
            "textRendering": "geometricPrecision",
            "textTransform": "none",
          }
        }
      >
        Create an Account
      </h3>
    </div>
    <div
      className="css-view-1dbjc4n"
      style={
        Object {
          "WebkitBoxFlex": 0,
          "WebkitFlexGrow": 0,
          "WebkitFlexShrink": 0,
          "flexGrow": 0,
          "flexShrink": 0,
          "msFlexNegative": 0,
          "msFlexPositive": 0,
          "paddingBottom": "10px",
          "paddingLeft": "10px",
          "paddingRight": "10px",
          "paddingTop": "10px",
          "width": "100%",
        }
      }
    >
      <div
        className="css-text-901oao"
        dir="auto"
        onClick={[Function]}
        style={
          Object {
            "color": "rgba(46,51,56,1.00)",
            "fontFamily": "EB Garamond, eb-garamond, Garamond, serif",
            "fontSize": "20px",
            "lineHeight": "28px",
            "textRendering": "geometricPrecision",
          }
        }
      >
        If you have an Android or iOS device, you can set up a funded account on the Alfajores Testnet by requesting a 
        <div
          className="css-view-1dbjc4n"
          onClick={[Function]}
          onMouseDown={[Function]}
          onMouseEnter={[Function]}
          onMouseLeave={[Function]}
          onMouseUp={[Function]}
          style={
            Object {
              "display": "inline",
            }
          }
        >
          <a
            className="css-reset-4rbku5 css-cursor-18t94o4 css-text-901oao css-textHasAncestor-16my406"
            data-focusable={true}
            href="/developers/wallet"
            onClick={[Function]}
            role="link"
            style={
              Object {
                "WebkitTextDecorationStyle": "solid",
                "cursor": "pointer",
                "display": "inline",
                "opacity": 1,
                "textDecoration": "underline",
                "textDecorationStyle": "solid",
              }
            }
          >
            Celo Wallet invite
          </a>
        </div>
        . You can also 
        <div
          className="css-view-1dbjc4n"
          onClick={[Function]}
          onMouseDown={[Function]}
          onMouseEnter={[Function]}
          onMouseLeave={[Function]}
          onMouseUp={[Function]}
          style={
            Object {
              "display": "inline",
            }
          }
        >
          <a
            className="css-reset-4rbku5 css-cursor-18t94o4 css-text-901oao css-textHasAncestor-16my406"
            data-focusable={true}
            href="https://docs.celo.org/getting-started/faucet#creating-an-empty-account-with-the-celo-client"
            onClick={[Function]}
            role="link"
            style={
              Object {
                "WebkitTextDecorationStyle": "solid",
                "cursor": "pointer",
                "display": "inline",
                "opacity": 1,
                "textDecoration": "underline",
                "textDecorationStyle": "solid",
              }
            }
          >
            create an account via the command line
            .
          </a>
        </div>
      </div>
    </div>
  </div>
  <div
    className="css-view-1dbjc4n"
    style={
      Object {
        "WebkitAlignSelf": "center",
        "WebkitBoxDirection": "normal",
        "WebkitBoxOrient": "vertical",
        "WebkitFlexDirection": "column",
        "alignSelf": "center",
        "flexDirection": "column",
        "marginBottom": "20px",
        "marginTop": "20px",
        "maxWidth": "100vw",
        "msFlexDirection": "column",
        "msFlexItemAlign": "center",
        "msGridRowAlign": "center",
        "paddingLeft": "10px",
        "paddingRight": "10px",
        "width": "100%",
      }
    }
  >
    <div
      className="css-view-1dbjc4n"
      style={
        Object {
          "WebkitBoxFlex": 0,
          "WebkitFlexGrow": 0,
          "WebkitFlexShrink": 0,
          "flexGrow": 0,
          "flexShrink": 0,
          "msFlexNegative": 0,
          "msFlexPositive": 0,
          "paddingBottom": "10px",
          "paddingLeft": "10px",
          "paddingRight": "10px",
          "paddingTop": "10px",
          "width": "100%",
        }
      }
    >
      <h3
        aria-level="3"
        className="css-reset-4rbku5 css-text-901oao"
        dir="auto"
        onClick={[Function]}
        role="heading"
        style={
          Object {
            "color": "rgba(46,51,56,1.00)",
            "fontFamily": "Jost, futura-pt, futura, sans-serif",
            "fontSize": "24px",
            "lineHeight": "32px",
            "textRendering": "geometricPrecision",
            "textTransform": "none",
          }
        }
      >
        Have an Account?
      </h3>
    </div>
    <div
      className="css-view-1dbjc4n"
      style={
        Object {
          "WebkitBoxFlex": 0,
          "WebkitFlexGrow": 0,
          "WebkitFlexShrink": 0,
          "flexGrow": 0,
          "flexShrink": 0,
          "msFlexNegative": 0,
          "msFlexPositive": 0,
          "paddingBottom": "10px",
          "paddingLeft": "10px",
          "paddingRight": "10px",
          "paddingTop": "10px",
          "width": "100%",
        }
      }
    >
      <div
        className="css-text-901oao"
        dir="auto"
        onClick={[Function]}
        style={
          Object {
            "color": "rgba(46,51,56,1.00)",
            "fontFamily": "EB Garamond, eb-garamond, Garamond, serif",
            "fontSize": "20px",
            "lineHeight": "28px",
            "textRendering": "geometricPrecision",
          }
        }
      >
        You can access an existing account from the Celo Wallet by pressing \`Import It\` on the first screen and entering your seed phrase.
      </div>
    </div>
  </div>
  <div
    className="css-view-1dbjc4n"
    style={
      Object {
        "WebkitAlignSelf": "center",
        "WebkitBoxDirection": "normal",
        "WebkitBoxOrient": "vertical",
        "WebkitFlexDirection": "column",
        "alignSelf": "center",
        "flexDirection": "column",
        "marginBottom": "20px",
        "marginTop": "20px",
        "maxWidth": "100vw",
        "msFlexDirection": "column",
        "msFlexItemAlign": "center",
        "msGridRowAlign": "center",
        "paddingLeft": "10px",
        "paddingRight": "10px",
        "width": "100%",
      }
    }
  >
    <div
      className="css-view-1dbjc4n"
      style={
        Object {
          "WebkitBoxFlex": 0,
          "WebkitFlexGrow": 0,
          "WebkitFlexShrink": 0,
          "flexGrow": 0,
          "flexShrink": 0,
          "msFlexNegative": 0,
          "msFlexPositive": 0,
          "paddingBottom": "10px",
          "paddingLeft": "10px",
          "paddingRight": "10px",
          "paddingTop": "10px",
          "width": "100%",
        }
      }
    >
      <h3
        aria-level="3"
        className="css-reset-4rbku5 css-text-901oao"
        dir="auto"
        onClick={[Function]}
        role="heading"
        style={
          Object {
            "color": "rgba(46,51,56,1.00)",
            "fontFamily": "Jost, futura-pt, futura, sans-serif",
            "fontSize": "24px",
            "lineHeight": "32px",
            "textRendering": "geometricPrecision",
            "textTransform": "none",
          }
        }
      >
        Hitting Issues?
      </h3>
    </div>
    <div
      className="css-view-1dbjc4n"
      style={
        Object {
          "WebkitBoxFlex": 0,
          "WebkitFlexGrow": 0,
          "WebkitFlexShrink": 0,
          "flexGrow": 0,
          "flexShrink": 0,
          "msFlexNegative": 0,
          "msFlexPositive": 0,
          "paddingBottom": "10px",
          "paddingLeft": "10px",
          "paddingRight": "10px",
          "paddingTop": "10px",
          "width": "100%",
        }
      }
    >
      <div
        className="css-text-901oao"
        dir="auto"
        onClick={[Function]}
        style={
          Object {
            "color": "rgba(46,51,56,1.00)",
            "fontFamily": "EB Garamond, eb-garamond, Garamond, serif",
            "fontSize": "20px",
            "lineHeight": "28px",
            "textRendering": "geometricPrecision",
          }
        }
      />
      <div
        className="css-view-1dbjc4n"
        style={
          Object {
            "marginBottom": "20px",
          }
        }
      >
        <div
          className="css-text-901oao"
          dir="auto"
          onClick={[Function]}
          style={
            Object {
              "color": "rgba(46,51,56,1.00)",
              "fontFamily": "EB Garamond, eb-garamond, Garamond, serif",
              "fontSize": "20px",
              "lineHeight": "28px",
              "paddingBottom": "10px",
              "textRendering": "geometricPrecision",
            }
          }
        >
          <span
            className="css-text-901oao css-textHasAncestor-16my406"
            onClick={[Function]}
            style={
              Object {
                "fontWeight": "bold",
              }
            }
          >
            Get Help from the Celo Community.
             
          </span>
          Find answers and ask questions in the Forum
        </div>
        <div
          className="css-view-1dbjc4n"
          onClick={[Function]}
          onMouseDown={[Function]}
          onMouseEnter={[Function]}
          onMouseLeave={[Function]}
          onMouseUp={[Function]}
        >
          <div
            className="css-view-1dbjc4n"
            style={
              Object {
                "WebkitBoxDirection": "normal",
                "WebkitBoxFlex": 0,
                "WebkitBoxOrient": "horizontal",
                "WebkitBoxPack": "center",
                "WebkitFlexDirection": "row",
                "WebkitFlexGrow": 0,
                "WebkitJustifyContent": "center",
                "backgroundColor": "rgba(0,0,0,0.00)",
                "borderBottomColor": "rgba(0,0,0,0.00)",
                "borderLeftColor": "rgba(0,0,0,0.00)",
                "borderRightColor": "rgba(0,0,0,0.00)",
                "borderTopColor": "rgba(0,0,0,0.00)",
                "flexDirection": "row",
                "flexGrow": 0,
                "justifyContent": "center",
                "msFlexDirection": "row",
                "msFlexPack": "center",
                "msFlexPositive": 0,
                "opacity": 1,
                "outlineColor": "transparent",
                "width": "fit-content",
              }
            }
          >
            <a
              className="css-reset-4rbku5 css-cursor-18t94o4 css-text-901oao"
              data-focusable={true}
              dir="auto"
              href="https://forum.celo.org/"
              onClick={[Function]}
              role="link"
              style={
                Object {
                  "WebkitAlignItems": "center",
                  "WebkitBoxAlign": "center",
                  "alignItems": "center",
                  "color": "rgba(53,208,127,1.00)",
                  "cursor": "pointer",
                  "display": "inline-flex",
                  "fontFamily": "Jost, futura-pt, futura, sans-serif",
                  "fontSize": "16px",
                  "fontWeight": "500",
                  "lineHeight": "16px",
                  "msFlexAlign": "center",
                  "textAlign": "center",
                  "textRendering": "geometricPrecision",
                }
              }
            >
              Alfajores Testnet Forum
              <div
                className="css-view-1dbjc4n"
                style={
                  Object {
                    "display": "inline-flex",
                    "paddingLeft": "0.4em",
                    "paddingTop": "0.185em",
                  }
                }
              >
                <svg
                  fill="none"
                  height="0.75em"
                  style={Object {}}
                  transform="rotate(0)"
                  viewBox="0 0 8 12"
                  width="0.75em"
                >
                  <path
                    clipRule="evenodd"
                    d="M1.19997 0L1.13249e-05 1.19996L4.80011 6.00006L0 10.8002L1.19996 12.0001L7.19977 6.00032L7.19953 6.00007L7.19979 5.99981L1.19997 0Z"
                    fill="#35D07F"
                    fillRule="evenodd"
                    opacity={1}
                    style={Object {}}
                  />
                </svg>
              </div>
            </a>
          </div>
        </div>
      </div>
    </div>
  </div>
  <div
    className="css-view-1dbjc4n"
    style={
      Object {
        "WebkitAlignSelf": "center",
        "WebkitBoxDirection": "normal",
        "WebkitBoxOrient": "vertical",
        "WebkitFlexDirection": "column",
        "alignSelf": "center",
        "flexDirection": "column",
        "marginBottom": "20px",
        "marginTop": "20px",
        "maxWidth": "100vw",
        "msFlexDirection": "column",
        "msFlexItemAlign": "center",
        "msGridRowAlign": "center",
        "paddingLeft": "10px",
        "paddingRight": "10px",
        "width": "100%",
      }
    }
  >
    <div
      className="css-view-1dbjc4n"
      style={
        Object {
          "WebkitBoxFlex": 0,
          "WebkitFlexGrow": 0,
          "WebkitFlexShrink": 0,
          "flexGrow": 0,
          "flexShrink": 0,
          "msFlexNegative": 0,
          "msFlexPositive": 0,
          "paddingBottom": "10px",
          "paddingLeft": "10px",
          "paddingRight": "10px",
          "paddingTop": "10px",
          "width": "100%",
        }
      }
    >
      <h3
        aria-level="3"
        className="css-reset-4rbku5 css-text-901oao"
        dir="auto"
        onClick={[Function]}
        role="heading"
        style={
          Object {
            "color": "rgba(46,51,56,1.00)",
            "fontFamily": "Jost, futura-pt, futura, sans-serif",
            "fontSize": "24px",
            "lineHeight": "32px",
            "textRendering": "geometricPrecision",
            "textTransform": "none",
          }
        }
      >
        What's Next
      </h3>
    </div>
    <div
      className="css-view-1dbjc4n"
      style={
        Object {
          "WebkitBoxFlex": 0,
          "WebkitFlexGrow": 0,
          "WebkitFlexShrink": 0,
          "flexGrow": 0,
          "flexShrink": 0,
          "msFlexNegative": 0,
          "msFlexPositive": 0,
          "paddingBottom": "10px",
          "paddingLeft": "10px",
          "paddingRight": "10px",
          "paddingTop": "10px",
          "width": "100%",
        }
      }
    >
      <div
        className="css-text-901oao"
        dir="auto"
        onClick={[Function]}
        style={
          Object {
            "color": "rgba(46,51,56,1.00)",
            "fontFamily": "EB Garamond, eb-garamond, Garamond, serif",
            "fontSize": "20px",
            "lineHeight": "28px",
            "textRendering": "geometricPrecision",
          }
        }
      />
      <div
        className="css-view-1dbjc4n"
        style={
          Object {
            "marginBottom": "20px",
          }
        }
      >
        <div
          className="css-text-901oao"
          dir="auto"
          onClick={[Function]}
          style={
            Object {
              "color": "rgba(46,51,56,1.00)",
              "fontFamily": "EB Garamond, eb-garamond, Garamond, serif",
              "fontSize": "20px",
              "lineHeight": "28px",
              "paddingBottom": "10px",
              "textRendering": "geometricPrecision",
            }
          }
        >
          <span
            className="css-text-901oao css-textHasAncestor-16my406"
            onClick={[Function]}
            style={
              Object {
                "fontWeight": "bold",
              }
            }
          >
            Build the Celo Wallet locally.
             
          </span>
          Follow these instructions to build the Wallet from source, pointed at the Alfajores Testnet.
        </div>
        <div
          className="css-view-1dbjc4n"
          onClick={[Function]}
          onMouseDown={[Function]}
          onMouseEnter={[Function]}
          onMouseLeave={[Function]}
          onMouseUp={[Function]}
        >
          <div
            className="css-view-1dbjc4n"
            style={
              Object {
                "WebkitBoxDirection": "normal",
                "WebkitBoxFlex": 0,
                "WebkitBoxOrient": "horizontal",
                "WebkitBoxPack": "center",
                "WebkitFlexDirection": "row",
                "WebkitFlexGrow": 0,
                "WebkitJustifyContent": "center",
                "backgroundColor": "rgba(0,0,0,0.00)",
                "borderBottomColor": "rgba(0,0,0,0.00)",
                "borderLeftColor": "rgba(0,0,0,0.00)",
                "borderRightColor": "rgba(0,0,0,0.00)",
                "borderTopColor": "rgba(0,0,0,0.00)",
                "flexDirection": "row",
                "flexGrow": 0,
                "justifyContent": "center",
                "msFlexDirection": "row",
                "msFlexPack": "center",
                "msFlexPositive": 0,
                "opacity": 1,
                "outlineColor": "transparent",
                "width": "fit-content",
              }
            }
          >
            <a
              className="css-reset-4rbku5 css-cursor-18t94o4 css-text-901oao"
              data-focusable={true}
              dir="auto"
              href="https://docs.celo.org/celo-codebase/wallet/intro"
              onClick={[Function]}
              role="link"
              style={
                Object {
                  "WebkitAlignItems": "center",
                  "WebkitBoxAlign": "center",
                  "alignItems": "center",
                  "color": "rgba(53,208,127,1.00)",
                  "cursor": "pointer",
                  "display": "inline-flex",
                  "fontFamily": "Jost, futura-pt, futura, sans-serif",
                  "fontSize": "16px",
                  "fontWeight": "500",
                  "lineHeight": "16px",
                  "msFlexAlign": "center",
                  "textAlign": "center",
                  "textRendering": "geometricPrecision",
                }
              }
            >
              Read the Wallet Tutorial
              <div
                className="css-view-1dbjc4n"
                style={
                  Object {
                    "display": "inline-flex",
                    "paddingLeft": "0.4em",
                    "paddingTop": "0.185em",
                  }
                }
              >
                <svg
                  fill="none"
                  height="0.75em"
                  style={Object {}}
                  transform="rotate(0)"
                  viewBox="0 0 8 12"
                  width="0.75em"
                >
                  <path
                    clipRule="evenodd"
                    d="M1.19997 0L1.13249e-05 1.19996L4.80011 6.00006L0 10.8002L1.19996 12.0001L7.19977 6.00032L7.19953 6.00007L7.19979 5.99981L1.19997 0Z"
                    fill="#35D07F"
                    fillRule="evenodd"
                    opacity={1}
                    style={Object {}}
                  />
                </svg>
              </div>
            </a>
          </div>
        </div>
      </div>
      <div
        className="css-view-1dbjc4n"
        style={
          Object {
            "marginBottom": "20px",
          }
        }
      >
        <div
          className="css-text-901oao"
          dir="auto"
          onClick={[Function]}
          style={
            Object {
              "color": "rgba(46,51,56,1.00)",
              "fontFamily": "EB Garamond, eb-garamond, Garamond, serif",
              "fontSize": "20px",
              "lineHeight": "28px",
              "paddingBottom": "10px",
              "textRendering": "geometricPrecision",
            }
          }
        >
          <span
            className="css-text-901oao css-textHasAncestor-16my406"
            onClick={[Function]}
            style={
              Object {
                "fontWeight": "bold",
              }
            }
          >
            View account information. 
             
          </span>
          Check your balance and transaction history
        </div>
        <div
          className="css-view-1dbjc4n"
          onClick={[Function]}
          onMouseDown={[Function]}
          onMouseEnter={[Function]}
          onMouseLeave={[Function]}
          onMouseUp={[Function]}
        >
          <div
            className="css-view-1dbjc4n"
            style={
              Object {
                "WebkitBoxDirection": "normal",
                "WebkitBoxFlex": 0,
                "WebkitBoxOrient": "horizontal",
                "WebkitBoxPack": "center",
                "WebkitFlexDirection": "row",
                "WebkitFlexGrow": 0,
                "WebkitJustifyContent": "center",
                "backgroundColor": "rgba(0,0,0,0.00)",
                "borderBottomColor": "rgba(0,0,0,0.00)",
                "borderLeftColor": "rgba(0,0,0,0.00)",
                "borderRightColor": "rgba(0,0,0,0.00)",
                "borderTopColor": "rgba(0,0,0,0.00)",
                "flexDirection": "row",
                "flexGrow": 0,
                "justifyContent": "center",
                "msFlexDirection": "row",
                "msFlexPack": "center",
                "msFlexPositive": 0,
                "opacity": 1,
                "outlineColor": "transparent",
                "width": "fit-content",
              }
            }
          >
            <a
              className="css-reset-4rbku5 css-cursor-18t94o4 css-text-901oao"
              data-focusable={true}
              dir="auto"
              href="http://alfajores-blockscout.celo-testnet.org/"
              onClick={[Function]}
              role="link"
              style={
                Object {
                  "WebkitAlignItems": "center",
                  "WebkitBoxAlign": "center",
                  "alignItems": "center",
                  "color": "rgba(53,208,127,1.00)",
                  "cursor": "pointer",
                  "display": "inline-flex",
                  "fontFamily": "Jost, futura-pt, futura, sans-serif",
                  "fontSize": "16px",
                  "fontWeight": "500",
                  "lineHeight": "16px",
                  "msFlexAlign": "center",
                  "textAlign": "center",
                  "textRendering": "geometricPrecision",
                }
              }
            >
              BlockScout
              <div
                className="css-view-1dbjc4n"
                style={
                  Object {
                    "display": "inline-flex",
                    "paddingLeft": "0.4em",
                    "paddingTop": "0.185em",
                  }
                }
              >
                <svg
                  fill="none"
                  height="0.75em"
                  style={Object {}}
                  transform="rotate(0)"
                  viewBox="0 0 8 12"
                  width="0.75em"
                >
                  <path
                    clipRule="evenodd"
                    d="M1.19997 0L1.13249e-05 1.19996L4.80011 6.00006L0 10.8002L1.19996 12.0001L7.19977 6.00032L7.19953 6.00007L7.19979 5.99981L1.19997 0Z"
                    fill="#35D07F"
                    fillRule="evenodd"
                    opacity={1}
                    style={Object {}}
                  />
                </svg>
              </div>
            </a>
          </div>
        </div>
      </div>
      <div
        className="css-view-1dbjc4n"
        style={
          Object {
            "marginBottom": "20px",
          }
        }
      >
        <div
          className="css-text-901oao"
          dir="auto"
          onClick={[Function]}
          style={
            Object {
              "color": "rgba(46,51,56,1.00)",
              "fontFamily": "EB Garamond, eb-garamond, Garamond, serif",
              "fontSize": "20px",
              "lineHeight": "28px",
              "paddingBottom": "10px",
              "textRendering": "geometricPrecision",
            }
          }
        >
          <span
            className="css-text-901oao css-textHasAncestor-16my406"
            onClick={[Function]}
            style={
              Object {
                "fontWeight": "bold",
              }
            }
          >
            Interested in running your own node? 
             
          </span>
          Follow our step-by-step guide.
        </div>
        <div
          className="css-view-1dbjc4n"
          onClick={[Function]}
          onMouseDown={[Function]}
          onMouseEnter={[Function]}
          onMouseLeave={[Function]}
          onMouseUp={[Function]}
        >
          <div
            className="css-view-1dbjc4n"
            style={
              Object {
                "WebkitBoxDirection": "normal",
                "WebkitBoxFlex": 0,
                "WebkitBoxOrient": "horizontal",
                "WebkitBoxPack": "center",
                "WebkitFlexDirection": "row",
                "WebkitFlexGrow": 0,
                "WebkitJustifyContent": "center",
                "backgroundColor": "rgba(0,0,0,0.00)",
                "borderBottomColor": "rgba(0,0,0,0.00)",
                "borderLeftColor": "rgba(0,0,0,0.00)",
                "borderRightColor": "rgba(0,0,0,0.00)",
                "borderTopColor": "rgba(0,0,0,0.00)",
                "flexDirection": "row",
                "flexGrow": 0,
                "justifyContent": "center",
                "msFlexDirection": "row",
                "msFlexPack": "center",
                "msFlexPositive": 0,
                "opacity": 1,
                "outlineColor": "transparent",
                "width": "fit-content",
              }
            }
          >
            <a
              className="css-reset-4rbku5 css-cursor-18t94o4 css-text-901oao"
              data-focusable={true}
              dir="auto"
              href="https://docs.celo.org/getting-started/running-a-full-node"
              onClick={[Function]}
              role="link"
              style={
                Object {
                  "WebkitAlignItems": "center",
                  "WebkitBoxAlign": "center",
                  "alignItems": "center",
                  "color": "rgba(53,208,127,1.00)",
                  "cursor": "pointer",
                  "display": "inline-flex",
                  "fontFamily": "Jost, futura-pt, futura, sans-serif",
                  "fontSize": "16px",
                  "fontWeight": "500",
                  "lineHeight": "16px",
                  "msFlexAlign": "center",
                  "textAlign": "center",
                  "textRendering": "geometricPrecision",
                }
              }
            >
              Read the Docs
              <div
                className="css-view-1dbjc4n"
                style={
                  Object {
                    "display": "inline-flex",
                    "paddingLeft": "0.4em",
                    "paddingTop": "0.185em",
                  }
                }
              >
                <svg
                  fill="none"
                  height="0.75em"
                  style={Object {}}
                  transform="rotate(0)"
                  viewBox="0 0 8 12"
                  width="0.75em"
                >
                  <path
                    clipRule="evenodd"
                    d="M1.19997 0L1.13249e-05 1.19996L4.80011 6.00006L0 10.8002L1.19996 12.0001L7.19977 6.00032L7.19953 6.00007L7.19979 5.99981L1.19997 0Z"
                    fill="#35D07F"
                    fillRule="evenodd"
                    opacity={1}
                    style={Object {}}
                  />
                </svg>
              </div>
            </a>
          </div>
        </div>
      </div>
    </div>
  </div>
</div>
`;
