// Jest Snapshot v1, https://goo.gl/fbAQLP

exports[`Analytics renders correctly 1`] = `
<RCTScrollView
  keyboardShouldPersistTaps="handled"
  style={
    Object {
      "backgroundColor": "#FFFFFF",
      "flex": 1,
    }
  }
>
  <View>
    <View
      style={
        Object {
          "borderBottomWidth": 1,
          "borderColor": "#EEEEEE",
          "marginLeft": 15,
        }
      }
    >
      <View
        style={
          Object {
            "flexDirection": "row",
            "justifyContent": "space-between",
            "padding": 20,
          }
        }
      >
        <View
          style={
            Array [
              Object {
                "justifyContent": "center",
              },
            ]
          }
        >
          <Text
            style={
              Object {
                "color": "#2E3338",
                "fontFamily": "Hind-Regular",
                "fontSize": 16,
                "lineHeight": 24,
              }
            }
          >
            shareAnalytics
          </Text>
        </View>
        <View
          style={
            Array [
              Object {
                "justifyContent": "center",
              },
            ]
          }
        >
          <AndroidSwitch
            accessibilityRole="button"
            enabled={true}
            on={true}
            onChange={[Function]}
            onResponderTerminationRequest={[Function]}
            onStartShouldSetResponder={[Function]}
            thumbTintColor="#FFFFFF"
            trackColorForFalse="#D1D5D8"
            trackColorForTrue="#42D689"
            trackTintColor="#42D689"
          />
        </View>
      </View>
      <View
        style={
          Object {
            "paddingBottom": 20,
            "paddingLeft": 20,
            "paddingRight": 20,
          }
        }
      >
        <Text>
          shareAnalytics_detail
        </Text>
      </View>
    </View>
  </View>
</RCTScrollView>
`;
