// Jest Snapshot v1, https://goo.gl/fbAQLP

exports[`renders the EditProfile Component 1`] = `
<RCTScrollView
  keyboardShouldPersistTaps="handled"
  style={
    Object {
      "backgroundColor": "#FFFFFF",
      "flex": 1,
    }
  }
>
  <View>
    <View
      style={
        Array [
          Object {
            "alignItems": "center",
            "flex": 1,
            "flexDirection": "row",
            "justifyContent": "center",
          },
          Array [
            Object {
              "borderColor": "#EEEEEE",
              "borderRadius": 3,
              "borderWidth": 1,
              "fontSize": 16,
              "height": 54,
              "margin": 20,
              "padding": 5,
              "width": 710,
            },
            Object {
              "fontFamily": "Hind-Regular",
            },
          ],
        ]
      }
    >
      <TextInput
        allowFontScaling={true}
        autoCorrect={false}
        autoFocus={true}
        onBlur={[Function]}
        onChangeText={[Function]}
        onEndEditing={[Function]}
        onFocus={[Function]}
        onSubmitEditing={[Function]}
        placeholder="yourName"
        rejectResponderTermination={true}
        style={
          Object {
            "backgroundColor": "#FFFFFF",
            "borderColor": "#D1D5D8",
            "borderRadius": 3,
            "flex": 1,
            "fontFamily": "Hind-Regular",
            "padding": 8,
          }
        }
        underlineColorAndroid="transparent"
        value="Test"
      />
      <View
        style={
          Array [
            Object {
              "alignItems": "center",
              "flexDirection": "row",
              "justifyContent": "center",
            },
            Object {
              "marginRight": 8,
            },
          ]
        }
      >
        <View
          accessible={true}
          isTVSelectable={true}
          onResponderGrant={[Function]}
          onResponderMove={[Function]}
          onResponderRelease={[Function]}
          onResponderTerminate={[Function]}
          onResponderTerminationRequest={[Function]}
          onStartShouldSetResponder={[Function]}
          style={
            Object {
              "alignItems": "center",
              "backgroundColor": "rgba(0, 0, 0, .4)",
              "borderColor": "rgba(0, 0, 0, .4)",
              "borderRadius": 10,
              "borderWidth": 0,
              "height": 20,
              "justifyContent": "center",
              "opacity": 1,
              "width": 20,
            }
          }
        >
          <svg
            fill="none"
            height={8}
            style={Object {}}
            viewBox="0 0 92.132 92.132"
            width={8}
            xmlns="http://www.w3.org/2000/svg"
          >
            <path
              d="M2.141,89.13c1.425,1.429,3.299,2.142,5.167,2.142c1.869,0,3.742-0.713,5.167-2.142l33.591-33.592L79.657,89.13
          c1.426,1.429,3.299,2.142,5.167,2.142c1.867,0,3.74-0.713,5.167-2.142c2.854-2.854,2.854-7.48,0-10.334L56.398,45.205
          l31.869-31.869c2.855-2.853,2.855-7.481,0-10.334c-2.853-2.855-7.479-2.855-10.334,0L46.065,34.87L14.198,3.001
          c-2.854-2.855-7.481-2.855-10.333,0c-2.855,2.853-2.855,7.481,0,10.334l31.868,31.869L2.143,78.795
          C-0.714,81.648-0.714,86.274,2.141,89.13z"
              fill="#FFFFFF"
              style={Object {}}
            />
          </svg>
        </View>
      </View>
    </View>
  </View>
</RCTScrollView>
`;
