// Jest Snapshot v1, https://goo.gl/fbAQLP

exports[`Education renders correctly 1`] = `
<View
  style={
    Object {
      "alignItems": "center",
      "backgroundColor": "white",
      "flex": 1,
      "justifyContent": "center",
    }
  }
>
  <View
    style={
      Object {
        "flexDirection": "row",
        "justifyContent": "flex-start",
        "margin": 0,
        "padding": 20,
        "width": "100%",
      }
    }
  >
    <View
      style={
        Object {
          "flex": 0,
        }
      }
    >
      <View
        accessible={true}
        isTVSelectable={true}
        nativeBackgroundAndroid={
          Object {
            "attribute": "selectableItemBackgroundBorderless",
            "type": "ThemeAttrAndroid",
          }
        }
        onResponderGrant={[Function]}
        onResponderMove={[Function]}
        onResponderRelease={[Function]}
        onResponderTerminate={[Function]}
        onResponderTerminationRequest={[Function]}
        onStartShouldSetResponder={[Function]}
        testID="Education-goback"
      >
        <Text
          style={
            Object {
              "color": "#42D689",
              "fontFamily": "Hind-SemiBold",
              "fontSize": 14,
              "lineHeight": 22,
            }
          }
        >
           
          cancel
        </Text>
      </View>
    </View>
  </View>
  <View
    style={
      Object {
        "alignItems": "center",
        "flex": 8,
      }
    }
  >
    <Swiper
      activeDotStyle={
        Object {
          "backgroundColor": "#D1D5D8",
          "borderRadius": 8,
          "flex": 0,
          "height": 12,
          "width": 12,
        }
      }
      containerStyle={
        Object {
          "alignItems": "center",
        }
      }
      dotStyle={
        Object {
          "backgroundColor": "#D1D5D8",
          "borderRadius": 8,
          "flex": 0,
          "height": 8,
          "width": 8,
        }
      }
      loop={false}
      onIndexChanged={[Function]}
      showsButtons={false}
      showsPagination={true}
      style={
        Object {
          "alignItems": "center",
          "flex": 1,
          "width": 750,
        }
      }
    >
      <View
        style={
          Object {
            "flex": 1,
            "justifyContent": "center",
            "marginBottom": 60,
          }
        }
      >
        <Image
          resizeMode="contain"
          source="./test.jpg"
          style={
            Object {
              "alignSelf": "center",
              "height": 200,
              "width": 200,
            }
          }
        />
        <Text
          style={
            Array [
              Object {
                "color": "#2E3338",
                "fontFamily": "Hind-Light",
                "fontSize": 22,
                "paddingBottom": 20,
                "textAlign": "center",
              },
              Object {
                "color": "#81868B",
                "paddingHorizontal": 20,
                "paddingTop": 30,
              },
            ]
          }
        >
          Step 1
        </Text>
      </View>
    </Swiper>
  </View>
  <View
    style={
      Object {
        "alignSelf": "stretch",
        "flex": 2,
        "justifyContent": "flex-end",
      }
    }
  >
    <View
      style={
        Object {
          "flexDirection": "row",
        }
      }
    >
      <View
        style={
          Array [
            Object {
              "alignItems": "center",
              "borderRadius": 3,
              "flexDirection": "row",
            },
            Object {
              "marginVertical": 10,
            },
            Object {
              "marginBottom": 10,
            },
            Object {
              "flex": 1,
              "paddingHorizontal": 20,
            },
            Object {
              "backgroundColor": "#42D689",
            },
          ]
        }
      >
        <View
          accessible={true}
          isTVSelectable={true}
          nativeBackgroundAndroid={
            Object {
              "attribute": "selectableItemBackground",
              "type": "ThemeAttrAndroid",
            }
          }
          onResponderGrant={[Function]}
          onResponderMove={[Function]}
          onResponderRelease={[Function]}
          onResponderTerminate={[Function]}
          onResponderTerminationRequest={[Function]}
          onStartShouldSetResponder={[Function]}
          style={
            Array [
              Object {
                "alignItems": "center",
                "flex": 1,
                "justifyContent": "center",
              },
              Object {
                "backgroundColor": "#42D689",
              },
              Object {
                "height": 50,
              },
              Object {
                "borderColor": "#42D689",
                "borderRadius": 3,
                "borderWidth": 2,
              },
            ]
          }
        >
          <View
            style={
              Object {
                "alignItems": "center",
                "flex": 1,
                "flexDirection": "row",
                "justifyContent": "space-between",
              }
            }
          >
            <Text
              style={
                Array [
                  Object {
                    "fontFamily": "Hind-SemiBold",
                    "fontSize": 16,
                  },
                  Object {
                    "color": "#FFFFFF",
                  },
                  Object {
                    "paddingLeft": 5,
                    "paddingRight": 5,
                  },
                ]
              }
            >
              Test
            </Text>
          </View>
        </View>
      </View>
    </View>
  </View>
</View>
`;
