// Jest Snapshot v1, https://goo.gl/fbAQLP

exports[`RestrictedCeloExchange renders correctly 1`] = `
Array [
  <View
    style={
      Object {
        "marginTop": 24,
      }
    }
  />,
  <View
    style={
      Object {
        "backgroundColor": "#EDEEEF",
        "height": 1,
        "marginHorizontal": 16,
      }
    }
  />,
  <View
    style={
      Object {
        "alignItems": "center",
        "flexDirection": "row",
        "justifyContent": "center",
        "marginHorizontal": 16,
        "marginVertical": 16,
      }
    }
  >
    <Text
      style={
        Object {
          "color": "#2E3338",
          "flexShrink": 1,
          "fontFamily": "Inter-Regular",
          "fontSize": 14,
          "lineHeight": 18,
        }
      }
    >
      countryRestrictedExchange
    </Text>
    <View
      style={
        Object {
          "marginLeft": 8,
        }
      }
    >
      <svg
        fill="none"
        height={14}
        style={Object {}}
        viewBox="0 0 16 16"
        width={14}
        xmlns="http://www.w3.org/2000/svg"
      >
        <circle
          cx="8"
          cy="8"
          r="7"
          stroke="#2E3338"
          stroke-width="1.25"
          style={Object {}}
        />
        <path
          d="M8 12V7M8 6V5"
          stroke="#2E3338"
          stroke-width="1.25"
          style={Object {}}
        />
      </svg>
    </View>
  </View>,
  <View
    style={
      Object {
        "backgroundColor": "#EDEEEF",
        "height": 1,
        "marginHorizontal": 16,
      }
    }
  />,
  <View
    style={
      Array [
        Object {
          "flexDirection": "column",
        },
        Object {
          "marginHorizontal": 16,
          "marginVertical": 16,
        },
      ]
    }
  >
    <View
      style={
        Array [
          Object {
            "overflow": "hidden",
          },
          Object {
            "borderRadius": 100,
          },
        ]
      }
    >
      <View
        accessible={true}
        focusable={true}
        nativeBackgroundAndroid={
          Object {
            "attribute": "selectableItemBackground",
            "type": "ThemeAttrAndroid",
          }
        }
        onClick={[Function]}
        onResponderGrant={[Function]}
        onResponderMove={[Function]}
        onResponderRelease={[Function]}
        onResponderTerminate={[Function]}
        onResponderTerminationRequest={[Function]}
        onStartShouldSetResponder={[Function]}
        style={
          Object {
            "alignItems": "center",
            "backgroundColor": "#EEB93C",
            "flexGrow": 1,
            "height": 48,
            "justifyContent": "center",
            "opacity": undefined,
            "paddingHorizontal": 24,
            "paddingVertical": 5,
          }
        }
        testID="WithdrawCELO"
      >
        <Text
          style={
            Object {
              "color": "#FFFFFF",
              "fontFamily": "Inter-SemiBold",
              "fontSize": 16,
              "lineHeight": 22,
            }
          }
        >
          withdrawCelo
        </Text>
      </View>
    </View>
  </View>,
]
`;
