// Jest Snapshot v1, https://goo.gl/fbAQLP

exports[`IncomingPaymentRequestListScreen renders correctly with no requests 1`] = `
<SafeAreaView
  style={
    Object {
      "backgroundColor": "#FFFFFF",
      "flex": 1,
    }
  }
>
  <Text
    style={
      Array [
        Object {
          "color": "#81868B",
          "fontFamily": "Hind-Regular",
          "fontSize": 16,
          "lineHeight": 24,
        },
        Object {
          "marginTop": 30,
          "textAlign": "center",
        },
      ]
    }
  >
    global:emptyList
  </Text>
</SafeAreaView>
`;

exports[`IncomingPaymentRequestListScreen renders correctly with requests 1`] = `
<SafeAreaView
  style={
    Object {
      "backgroundColor": "#FFFFFF",
      "flex": 1,
    }
  }
>
  <RCTScrollView>
    <View>
      <View
        style={
          Object {
            "margin": 16,
          }
        }
      >
        <View
          style={
            Object {
              "marginBottom": 16,
            }
          }
        >
          <View
            accessible={true}
            focusable={true}
            isTVSelectable={true}
            nativeBackgroundAndroid={
              Object {
                "attribute": "selectableItemBackground",
                "type": "ThemeAttrAndroid",
              }
            }
            onClick={[Function]}
            onResponderGrant={[Function]}
            onResponderMove={[Function]}
            onResponderRelease={[Function]}
            onResponderTerminate={[Function]}
            onResponderTerminationRequest={[Function]}
            onStartShouldSetResponder={[Function]}
          >
            <View
              style={
                Array [
                  Object {
                    "backgroundColor": "#FFFFFF",
                    "flexDirection": "row",
                    "justifyContent": "space-between",
                    "padding": 16,
                    "width": "100%",
                  },
                  Object {
                    "elevation": 2,
                    "shadowColor": "black",
                    "shadowOffset": Object {
                      "height": 1,
                      "width": 0,
                    },
                    "shadowOpacity": 0.3,
                    "shadowRadius": 1.6,
                  },
                ]
              }
            >
              <View
                style={
                  Object {
                    "alignItems": "center",
                    "paddingRight": 16,
                  }
                }
              >
                <View
                  style={
                    Array [
                      Object {
                        "alignItems": "center",
                        "flexDirection": "row",
                        "justifyContent": "center",
                      },
                      undefined,
                    ]
                  }
                >
                  <View
                    style={
                      Array [
                        Object {
                          "alignItems": "center",
                          "justifyContent": "center",
                        },
                        Object {
                          "backgroundColor": "#7AD6FE",
                          "borderRadius": 20,
                          "height": 40,
                          "width": 40,
                        },
                      ]
                    }
                  >
                    <Image
                      source={
                        Object {
                          "testUri": "../../../packages/mobile/src/images/unknown-user-icon.png",
                        }
                      }
                      style={
                        Object {
                          "alignItems": "center",
                          "height": 40,
                          "justifyContent": "center",
                          "width": 40,
                        }
                      }
                    />
                  </View>
                </View>
              </View>
              <View
                style={
                  Object {
                    "flex": 1,
                    "justifyContent": "space-between",
                  }
                }
              >
                <Text
                  style={
                    Object {
                      "color": "#81868B",
                      "fontFamily": "Hind-Regular",
                      "fontSize": 14,
                      "lineHeight": 18,
                    }
                  }
                >
                  incomingPaymentRequestNotificationTitle
                </Text>
                <View
                  style={
                    Object {
                      "justifyContent": "space-between",
                      "minHeight": 60,
                      "paddingTop": 8,
                    }
                  }
                >
                  <Text
                    style={
                      Object {
                        "color": "#2E3338",
                        "fontFamily": "Hind-Regular",
                        "fontSize": 14,
                        "lineHeight": 18,
                      }
                    }
                  >
                    Just the best
                  </Text>
                  <View
                    style={
                      Object {
                        "flexDirection": "row",
                        "marginTop": 5,
                      }
                    }
                  >
                    <View
                      accessible={true}
                      focusable={true}
                      isTVSelectable={true}
                      nativeBackgroundAndroid={
                        Object {
                          "attribute": "selectableItemBackgroundBorderless",
                          "type": "ThemeAttrAndroid",
                        }
                      }
                      onClick={[Function]}
                      onResponderGrant={[Function]}
                      onResponderMove={[Function]}
                      onResponderRelease={[Function]}
                      onResponderTerminate={[Function]}
                      onResponderTerminationRequest={[Function]}
                      onStartShouldSetResponder={[Function]}
                    >
                      <Text
                        style={
                          Array [
                            Object {
                              "color": "#42D689",
                              "fontFamily": "Hind-SemiBold",
                              "fontSize": 14,
                              "lineHeight": 18,
                            },
                            Object {
                              "paddingEnd": 15,
                            },
                          ]
                        }
                      >
                        global:pay
                      </Text>
                    </View>
                    <View
                      accessible={true}
                      focusable={true}
                      isTVSelectable={true}
                      nativeBackgroundAndroid={
                        Object {
                          "attribute": "selectableItemBackgroundBorderless",
                          "type": "ThemeAttrAndroid",
                        }
                      }
                      onClick={[Function]}
                      onResponderGrant={[Function]}
                      onResponderMove={[Function]}
                      onResponderRelease={[Function]}
                      onResponderTerminate={[Function]}
                      onResponderTerminationRequest={[Function]}
                      onStartShouldSetResponder={[Function]}
                    >
                      <Text
                        style={
                          Array [
                            Object {
                              "color": "#42D689",
                              "fontFamily": "Hind-SemiBold",
                              "fontSize": 14,
                              "lineHeight": 18,
                            },
                            Object {
                              "paddingEnd": 15,
                            },
                          ]
                        }
                      >
                        global:decline
                      </Text>
                    </View>
                  </View>
                </View>
              </View>
            </View>
          </View>
        </View>
        <View
          style={
            Object {
              "marginBottom": 16,
            }
          }
        >
          <View
            accessible={true}
            focusable={true}
            isTVSelectable={true}
            nativeBackgroundAndroid={
              Object {
                "attribute": "selectableItemBackground",
                "type": "ThemeAttrAndroid",
              }
            }
            onClick={[Function]}
            onResponderGrant={[Function]}
            onResponderMove={[Function]}
            onResponderRelease={[Function]}
            onResponderTerminate={[Function]}
            onResponderTerminationRequest={[Function]}
            onStartShouldSetResponder={[Function]}
          >
            <View
              style={
                Array [
                  Object {
                    "backgroundColor": "#FFFFFF",
                    "flexDirection": "row",
                    "justifyContent": "space-between",
                    "padding": 16,
                    "width": "100%",
                  },
                  Object {
                    "elevation": 2,
                    "shadowColor": "black",
                    "shadowOffset": Object {
                      "height": 1,
                      "width": 0,
                    },
                    "shadowOpacity": 0.3,
                    "shadowRadius": 1.6,
                  },
                ]
              }
            >
              <View
                style={
                  Object {
                    "alignItems": "center",
                    "paddingRight": 16,
                  }
                }
              >
                <View
                  style={
                    Array [
                      Object {
                        "alignItems": "center",
                        "flexDirection": "row",
                        "justifyContent": "center",
                      },
                      undefined,
                    ]
                  }
                >
                  <View
                    style={
                      Array [
                        Object {
                          "alignItems": "center",
                          "justifyContent": "center",
                        },
                        Object {
                          "backgroundColor": "#7AD6FE",
                          "borderRadius": 20,
                          "height": 40,
                          "width": 40,
                        },
                      ]
                    }
                  >
                    <Image
                      source={
                        Object {
                          "testUri": "../../../packages/mobile/src/images/unknown-user-icon.png",
                        }
                      }
                      style={
                        Object {
                          "alignItems": "center",
                          "height": 40,
                          "justifyContent": "center",
                          "width": 40,
                        }
                      }
                    />
                  </View>
                </View>
              </View>
              <View
                style={
                  Object {
                    "flex": 1,
                    "justifyContent": "space-between",
                  }
                }
              >
                <Text
                  style={
                    Object {
                      "color": "#81868B",
                      "fontFamily": "Hind-Regular",
                      "fontSize": 14,
                      "lineHeight": 18,
                    }
                  }
                >
                  incomingPaymentRequestNotificationTitle
                </Text>
                <View
                  style={
                    Object {
                      "justifyContent": "space-between",
                      "minHeight": 60,
                      "paddingTop": 8,
                    }
                  }
                >
                  <Text
                    style={
                      Object {
                        "color": "#2E3338",
                        "fontFamily": "Hind-Regular",
                        "fontSize": 14,
                        "lineHeight": 18,
                      }
                    }
                  >
                    Just the best for the best. Thanos & Zeus Gods of ultimate Power
                  </Text>
                  <View
                    style={
                      Object {
                        "flexDirection": "row",
                        "marginTop": 5,
                      }
                    }
                  >
                    <View
                      accessible={true}
                      focusable={true}
                      isTVSelectable={true}
                      nativeBackgroundAndroid={
                        Object {
                          "attribute": "selectableItemBackgroundBorderless",
                          "type": "ThemeAttrAndroid",
                        }
                      }
                      onClick={[Function]}
                      onResponderGrant={[Function]}
                      onResponderMove={[Function]}
                      onResponderRelease={[Function]}
                      onResponderTerminate={[Function]}
                      onResponderTerminationRequest={[Function]}
                      onStartShouldSetResponder={[Function]}
                    >
                      <Text
                        style={
                          Array [
                            Object {
                              "color": "#42D689",
                              "fontFamily": "Hind-SemiBold",
                              "fontSize": 14,
                              "lineHeight": 18,
                            },
                            Object {
                              "paddingEnd": 15,
                            },
                          ]
                        }
                      >
                        global:pay
                      </Text>
                    </View>
                    <View
                      accessible={true}
                      focusable={true}
                      isTVSelectable={true}
                      nativeBackgroundAndroid={
                        Object {
                          "attribute": "selectableItemBackgroundBorderless",
                          "type": "ThemeAttrAndroid",
                        }
                      }
                      onClick={[Function]}
                      onResponderGrant={[Function]}
                      onResponderMove={[Function]}
                      onResponderRelease={[Function]}
                      onResponderTerminate={[Function]}
                      onResponderTerminationRequest={[Function]}
                      onStartShouldSetResponder={[Function]}
                    >
                      <Text
                        style={
                          Array [
                            Object {
                              "color": "#42D689",
                              "fontFamily": "Hind-SemiBold",
                              "fontSize": 14,
                              "lineHeight": 18,
                            },
                            Object {
                              "paddingEnd": 15,
                            },
                          ]
                        }
                      >
                        global:decline
                      </Text>
                    </View>
                  </View>
                </View>
              </View>
            </View>
          </View>
        </View>
        <View
          style={
            Object {
              "marginBottom": 16,
            }
          }
        >
          <View
            accessible={true}
            focusable={true}
            isTVSelectable={true}
            nativeBackgroundAndroid={
              Object {
                "attribute": "selectableItemBackground",
                "type": "ThemeAttrAndroid",
              }
            }
            onClick={[Function]}
            onResponderGrant={[Function]}
            onResponderMove={[Function]}
            onResponderRelease={[Function]}
            onResponderTerminate={[Function]}
            onResponderTerminationRequest={[Function]}
            onStartShouldSetResponder={[Function]}
          >
            <View
              style={
                Array [
                  Object {
                    "backgroundColor": "#FFFFFF",
                    "flexDirection": "row",
                    "justifyContent": "space-between",
                    "padding": 16,
                    "width": "100%",
                  },
                  Object {
                    "elevation": 2,
                    "shadowColor": "black",
                    "shadowOffset": Object {
                      "height": 1,
                      "width": 0,
                    },
                    "shadowOpacity": 0.3,
                    "shadowRadius": 1.6,
                  },
                ]
              }
            >
              <View
                style={
                  Object {
                    "alignItems": "center",
                    "paddingRight": 16,
                  }
                }
              >
                <View
                  style={
                    Array [
                      Object {
                        "alignItems": "center",
                        "flexDirection": "row",
                        "justifyContent": "center",
                      },
                      undefined,
                    ]
                  }
                >
                  <View
                    style={
                      Array [
                        Object {
                          "alignItems": "center",
                          "justifyContent": "center",
                        },
                        Object {
                          "backgroundColor": "#7AD6FE",
                          "borderRadius": 20,
                          "height": 40,
                          "width": 40,
                        },
                      ]
                    }
                  >
                    <Image
                      source={
                        Object {
                          "testUri": "../../../packages/mobile/src/images/unknown-user-icon.png",
                        }
                      }
                      style={
                        Object {
                          "alignItems": "center",
                          "height": 40,
                          "justifyContent": "center",
                          "width": 40,
                        }
                      }
                    />
                  </View>
                </View>
              </View>
              <View
                style={
                  Object {
                    "flex": 1,
                    "justifyContent": "space-between",
                  }
                }
              >
                <Text
                  style={
                    Object {
                      "color": "#81868B",
                      "fontFamily": "Hind-Regular",
                      "fontSize": 14,
                      "lineHeight": 18,
                    }
                  }
                >
                  incomingPaymentRequestNotificationTitle
                </Text>
                <View
                  style={
                    Object {
                      "justifyContent": "space-between",
                      "minHeight": 60,
                      "paddingTop": 8,
                    }
                  }
                >
                  <Text
                    style={
                      Object {
                        "color": "#2E3338",
                        "fontFamily": "Hind-Regular",
                        "fontSize": 14,
                        "lineHeight": 18,
                      }
                    }
                  >
                    Just the best but less
                  </Text>
                  <View
                    style={
                      Object {
                        "flexDirection": "row",
                        "marginTop": 5,
                      }
                    }
                  >
                    <View
                      accessible={true}
                      focusable={true}
                      isTVSelectable={true}
                      nativeBackgroundAndroid={
                        Object {
                          "attribute": "selectableItemBackgroundBorderless",
                          "type": "ThemeAttrAndroid",
                        }
                      }
                      onClick={[Function]}
                      onResponderGrant={[Function]}
                      onResponderMove={[Function]}
                      onResponderRelease={[Function]}
                      onResponderTerminate={[Function]}
                      onResponderTerminationRequest={[Function]}
                      onStartShouldSetResponder={[Function]}
                    >
                      <Text
                        style={
                          Array [
                            Object {
                              "color": "#42D689",
                              "fontFamily": "Hind-SemiBold",
                              "fontSize": 14,
                              "lineHeight": 18,
                            },
                            Object {
                              "paddingEnd": 15,
                            },
                          ]
                        }
                      >
                        global:pay
                      </Text>
                    </View>
                    <View
                      accessible={true}
                      focusable={true}
                      isTVSelectable={true}
                      nativeBackgroundAndroid={
                        Object {
                          "attribute": "selectableItemBackgroundBorderless",
                          "type": "ThemeAttrAndroid",
                        }
                      }
                      onClick={[Function]}
                      onResponderGrant={[Function]}
                      onResponderMove={[Function]}
                      onResponderRelease={[Function]}
                      onResponderTerminate={[Function]}
                      onResponderTerminationRequest={[Function]}
                      onStartShouldSetResponder={[Function]}
                    >
                      <Text
                        style={
                          Array [
                            Object {
                              "color": "#42D689",
                              "fontFamily": "Hind-SemiBold",
                              "fontSize": 14,
                              "lineHeight": 18,
                            },
                            Object {
                              "paddingEnd": 15,
                            },
                          ]
                        }
                      >
                        global:decline
                      </Text>
                    </View>
                  </View>
                </View>
              </View>
            </View>
          </View>
        </View>
      </View>
    </View>
  </RCTScrollView>
</SafeAreaView>
`;
