// Jest Snapshot v1, https://goo.gl/fbAQLP

exports[`PaymentRequestListItem renders correctly 1`] = `
<View
  accessible={true}
  isTVSelectable={true}
  onResponderGrant={[Function]}
  onResponderMove={[Function]}
  onResponderRelease={[Function]}
  onResponderTerminate={[Function]}
  onResponderTerminationRequest={[Function]}
  onStartShouldSetResponder={[Function]}
  style={
    Object {
      "opacity": 1,
    }
  }
>
  <View
    style={
      Array [
        Object {
          "flexDirection": "row",
          "justifyContent": "space-between",
          "padding": 16,
          "width": "100%",
        },
        false,
      ]
    }
  >
    <View
      style={
        Object {
          "alignItems": "center",
          "flexDirection": "column",
          "paddingRight": 16,
        }
      }
    >
      <View
        style={
          Array [
            Object {
              "alignItems": "center",
              "flexDirection": "row",
              "justifyContent": "center",
            },
            undefined,
          ]
        }
      >
        <View
          style={
            Array [
              Object {
                "alignItems": "center",
                "justifyContent": "center",
              },
              Object {
                "backgroundColor": "#7AD6FE",
                "borderRadius": 15,
                "height": 30,
                "width": 30,
              },
            ]
          }
        >
          <Text
            style={
              Array [
                Object {
                  "color": "#FFFFFF",
                  "fontFamily": "Hind-Medium",
                  "fontSize": 16,
                },
                Object {
                  "fontSize": 15,
                },
              ]
            }
          >
            5
          </Text>
        </View>
      </View>
    </View>
    <View
      style={
        Object {
          "flex": 1,
          "justifyContent": "space-between",
        }
      }
    >
      <Text
        style={
          Object {
            "color": "#2E3338",
            "fontFamily": "Hind-Bold",
            "fontSize": 14,
            "lineHeight": 18,
          }
        }
      >
        5126608970
      </Text>
      <View>
        <View
          style={
            Object {
              "justifyContent": "space-between",
              "minHeight": 70,
            }
          }
        >
          <View
            style={Object {}}
          >
            <Text
              style={
                Array [
                  Object {
                    "color": "#81868B",
                    "fontFamily": "Hind-Regular",
                    "fontSize": 14,
                    "lineHeight": 20,
                  },
                  Object {
                    "paddingTop": 16,
                  },
                ]
              }
            >
              Hey thanks for the loan, Ill pay you back ASAP. LOVE YOU
            </Text>
          </View>
          <View
            style={
              Object {
                "flexDirection": "row",
                "marginTop": 15,
              }
            }
          >
            <View
              accessible={true}
              isTVSelectable={true}
              onResponderGrant={[Function]}
              onResponderMove={[Function]}
              onResponderRelease={[Function]}
              onResponderTerminate={[Function]}
              onResponderTerminationRequest={[Function]}
              onStartShouldSetResponder={[Function]}
              style={
                Object {
                  "opacity": 1,
                }
              }
            >
              <Text
                style={
                  Array [
                    Object {
                      "color": "#2E3338",
                      "fontFamily": "Hind-Regular",
                      "fontSize": 14,
                      "lineHeight": 18,
                    },
                    Object {
                      "color": "#42D689",
                      "fontFamily": "Hind-Medium",
                      "fontSize": 14,
                      "lineHeight": 18,
                    },
                    Object {
                      "paddingEnd": 15,
                    },
                  ]
                }
              >
                pay
              </Text>
            </View>
            <View
              accessible={true}
              isTVSelectable={true}
              onResponderGrant={[Function]}
              onResponderMove={[Function]}
              onResponderRelease={[Function]}
              onResponderTerminate={[Function]}
              onResponderTerminationRequest={[Function]}
              onStartShouldSetResponder={[Function]}
              style={
                Object {
                  "opacity": 1,
                }
              }
            >
              <Text
                style={
                  Array [
                    Object {
                      "color": "#2E3338",
                      "fontFamily": "Hind-Regular",
                      "fontSize": 14,
                      "lineHeight": 18,
                    },
                    Object {
                      "color": "#42D689",
                      "fontFamily": "Hind-Medium",
                      "fontSize": 14,
                      "lineHeight": 18,
                    },
                    Object {
                      "paddingEnd": 15,
                    },
                  ]
                }
              >
                decline
              </Text>
            </View>
          </View>
        </View>
      </View>
    </View>
    <View
      style={
        Object {
          "paddingLeft": 16,
        }
      }
    >
      <View>
        <Text
          style={
            Array [
              Object {
                "color": "#2E3338",
                "fontFamily": "Hind-SemiBold",
                "fontSize": 14,
                "lineHeight": 18,
              },
              Object {
                "color": "#81868B",
              },
            ]
          }
        >
          $24
        </Text>
      </View>
    </View>
  </View>
</View>
`;
